=== RUN   TestE2E
    echo_e2e_test.go:35: Using gateway at localhost:8583
=== RUN   TestE2E/TestConnectionLimit
=== RUN   TestE2E/TestConnectionLimit/MaxConnections_limit_drops_excess_clients_but_keeps_active_ones_alive
    echo_e2e_test.go:249: 
        	Error Trace:	/home/tntra/Desktop/Spire/poc/transaction-processing/api/gateway/echo_e2e_test.go:249
        	            				/home/tntra/go/pkg/mod/github.com/stretchr/testify@v1.11.1/suite/suite.go:115
        	Error:      	Received unexpected error:
        	            	dial tcp 127.0.0.1:8583: connect: connection refused
        	Test:       	TestE2E/TestConnectionLimit/MaxConnections_limit_drops_excess_clients_but_keeps_active_ones_alive
=== RUN   TestE2E/TestEdgeCases_ClosedConnection
=== RUN   TestE2E/TestEdgeCases_ClosedConnection/sending_to_closed_connection_should_return_an_error
    echo_e2e_test.go:126: 
        	Error Trace:	/home/tntra/Desktop/Spire/poc/transaction-processing/api/gateway/echo_e2e_test.go:126
        	            				/home/tntra/go/pkg/mod/github.com/stretchr/testify@v1.11.1/suite/suite.go:115
        	Error:      	Received unexpected error:
        	            	failed to dial localhost:8583: dial tcp 127.0.0.1:8583: connect: connection refused
        	Test:       	TestE2E/TestEdgeCases_ClosedConnection/sending_to_closed_connection_should_return_an_error
        	Messages:   	failed to connect to gateway
=== RUN   TestE2E/TestEdgeCases_EmptySTAN
=== RUN   TestE2E/TestEdgeCases_EmptySTAN/echo_with_empty_STAN_should_work_(echo_back_empty)
    echo_e2e_test.go:69: 
        	Error Trace:	/home/tntra/Desktop/Spire/poc/transaction-processing/api/gateway/echo_e2e_test.go:69
        	            				/home/tntra/go/pkg/mod/github.com/stretchr/testify@v1.11.1/suite/suite.go:115
        	Error:      	Received unexpected error:
        	            	failed to dial localhost:8583: dial tcp 127.0.0.1:8583: connect: connection refused
        	Test:       	TestE2E/TestEdgeCases_EmptySTAN/echo_with_empty_STAN_should_work_(echo_back_empty)
        	Messages:   	failed to connect to gateway
=== RUN   TestE2E/TestEdgeCases_MaxLengthSTAN
=== RUN   TestE2E/TestEdgeCases_MaxLengthSTAN/echo_with_max-length_STAN_(6_digits)_should_work
    echo_e2e_test.go:86: 
        	Error Trace:	/home/tntra/Desktop/Spire/poc/transaction-processing/api/gateway/echo_e2e_test.go:86
        	            				/home/tntra/go/pkg/mod/github.com/stretchr/testify@v1.11.1/suite/suite.go:115
        	Error:      	Received unexpected error:
        	            	failed to dial localhost:8583: dial tcp 127.0.0.1:8583: connect: connection refused
        	Test:       	TestE2E/TestEdgeCases_MaxLengthSTAN/echo_with_max-length_STAN_(6_digits)_should_work
        	Messages:   	failed to connect to gateway
=== RUN   TestE2E/TestEdgeCases_NetworkMgmtCodeVariations
=== RUN   TestE2E/TestEdgeCases_NetworkMgmtCodeVariations/echo_with_different_NetworkMgmtInfoCode_values_should_echo_back_unchanged
=== RUN   TestE2E/TestEdgeCases_NetworkMgmtCodeVariations/echo_with_different_NetworkMgmtInfoCode_values_should_echo_back_unchanged/code_301
    echo_e2e_test.go:108: 
        	Error Trace:	/home/tntra/Desktop/Spire/poc/transaction-processing/api/gateway/echo_e2e_test.go:108
        	            				/home/tntra/go/pkg/mod/github.com/stretchr/testify@v1.11.1/suite/suite.go:115
        	Error:      	Received unexpected error:
        	            	failed to dial localhost:8583: dial tcp 127.0.0.1:8583: connect: connection refused
        	Test:       	TestE2E/TestEdgeCases_NetworkMgmtCodeVariations/echo_with_different_NetworkMgmtInfoCode_values_should_echo_back_unchanged/code_301
        	Messages:   	failed to connect to gateway
=== RUN   TestE2E/TestEdgeCases_NetworkMgmtCodeVariations/echo_with_different_NetworkMgmtInfoCode_values_should_echo_back_unchanged/code_001
    echo_e2e_test.go:108: 
        	Error Trace:	/home/tntra/Desktop/Spire/poc/transaction-processing/api/gateway/echo_e2e_test.go:108
        	            				/home/tntra/go/pkg/mod/github.com/stretchr/testify@v1.11.1/suite/suite.go:115
        	Error:      	Received unexpected error:
        	            	failed to dial localhost:8583: dial tcp 127.0.0.1:8583: connect: connection refused
        	Test:       	TestE2E/TestEdgeCases_NetworkMgmtCodeVariations/echo_with_different_NetworkMgmtInfoCode_values_should_echo_back_unchanged/code_001
        	Messages:   	failed to connect to gateway
=== RUN   TestE2E/TestEdgeCases_NetworkMgmtCodeVariations/echo_with_different_NetworkMgmtInfoCode_values_should_echo_back_unchanged/code_999
    echo_e2e_test.go:108: 
        	Error Trace:	/home/tntra/Desktop/Spire/poc/transaction-processing/api/gateway/echo_e2e_test.go:108
        	            				/home/tntra/go/pkg/mod/github.com/stretchr/testify@v1.11.1/suite/suite.go:115
        	Error:      	Received unexpected error:
        	            	failed to dial localhost:8583: dial tcp 127.0.0.1:8583: connect: connection refused
        	Test:       	TestE2E/TestEdgeCases_NetworkMgmtCodeVariations/echo_with_different_NetworkMgmtInfoCode_values_should_echo_back_unchanged/code_999
        	Messages:   	failed to connect to gateway
=== RUN   TestE2E/TestHappyPath_SingleEcho
=== RUN   TestE2E/TestHappyPath_SingleEcho/successfully_send_0800_and_receive_0810_with_ResponseCode_00
    echo_e2e_test.go:45: 
        	Error Trace:	/home/tntra/Desktop/Spire/poc/transaction-processing/api/gateway/echo_e2e_test.go:45
        	            				/home/tntra/go/pkg/mod/github.com/stretchr/testify@v1.11.1/suite/suite.go:115
        	Error:      	Received unexpected error:
        	            	failed to dial localhost:8583: dial tcp 127.0.0.1:8583: connect: connection refused
        	Test:       	TestE2E/TestHappyPath_SingleEcho/successfully_send_0800_and_receive_0810_with_ResponseCode_00
        	Messages:   	failed to connect to gateway
=== RUN   TestE2E/TestIdleTimeout
=== RUN   TestE2E/TestIdleTimeout/connection_is_dropped_if_no_payload_initializes_before_IdleTimeout_expires
    echo_e2e_test.go:299: 
        	Error Trace:	/home/tntra/Desktop/Spire/poc/transaction-processing/api/gateway/echo_e2e_test.go:299
        	            				/home/tntra/go/pkg/mod/github.com/stretchr/testify@v1.11.1/suite/suite.go:115
        	Error:      	Received unexpected error:
        	            	dial tcp 127.0.0.1:8583: connect: connection refused
        	Test:       	TestE2E/TestIdleTimeout/connection_is_dropped_if_no_payload_initializes_before_IdleTimeout_expires
=== RUN   TestE2E/TestResponseCodeAlwaysApproved
=== RUN   TestE2E/TestResponseCodeAlwaysApproved/ResponseCode_should_always_be_00_(approved)_for_echo_messages
    echo_e2e_test.go:222: 
        	Error Trace:	/home/tntra/Desktop/Spire/poc/transaction-processing/api/gateway/echo_e2e_test.go:222
        	            				/home/tntra/go/pkg/mod/github.com/stretchr/testify@v1.11.1/suite/suite.go:115
        	Error:      	Received unexpected error:
        	            	failed to dial localhost:8583: dial tcp 127.0.0.1:8583: connect: connection refused
        	Test:       	TestE2E/TestResponseCodeAlwaysApproved/ResponseCode_should_always_be_00_(approved)_for_echo_messages
        	Messages:   	failed to connect to gateway
=== RUN   TestE2E/TestRobustness_ConcurrentConnections
=== RUN   TestE2E/TestRobustness_ConcurrentConnections/open_3_concurrent_connections,_send_1_echo_each,_verify_all_responses_with_no_race
    echo_e2e_test.go:207: 
        	Error Trace:	/home/tntra/Desktop/Spire/poc/transaction-processing/api/gateway/echo_e2e_test.go:207
        	            				/home/tntra/go/pkg/mod/github.com/stretchr/testify@v1.11.1/suite/suite.go:115
        	Error:      	Received unexpected error:
        	            	failed to dial localhost:8583: dial tcp 127.0.0.1:8583: connect: connection refused
        	Test:       	TestE2E/TestRobustness_ConcurrentConnections/open_3_concurrent_connections,_send_1_echo_each,_verify_all_responses_with_no_race
        	Messages:   	concurrent SendEcho failed
=== RUN   TestE2E/TestRobustness_SequentialMessages
=== RUN   TestE2E/TestRobustness_SequentialMessages/send_5_sequential_messages_on_same_connection,_verify_all_responses
    echo_e2e_test.go:144: 
        	Error Trace:	/home/tntra/Desktop/Spire/poc/transaction-processing/api/gateway/echo_e2e_test.go:144
        	            				/home/tntra/go/pkg/mod/github.com/stretchr/testify@v1.11.1/suite/suite.go:115
        	Error:      	Received unexpected error:
        	            	failed to dial localhost:8583: dial tcp 127.0.0.1:8583: connect: connection refused
        	Test:       	TestE2E/TestRobustness_SequentialMessages/send_5_sequential_messages_on_same_connection,_verify_all_responses
        	Messages:   	failed to connect to gateway
=== RUN   TestE2E/TestSlowClientWriteTimeout
=== RUN   TestE2E/TestSlowClientWriteTimeout/server_drops_client_that_stalls_mid-frame_triggering_ReadTimeout
    echo_e2e_test.go:316: 
        	Error Trace:	/home/tntra/Desktop/Spire/poc/transaction-processing/api/gateway/echo_e2e_test.go:316
        	            				/home/tntra/go/pkg/mod/github.com/stretchr/testify@v1.11.1/suite/suite.go:115
        	Error:      	Received unexpected error:
        	            	dial tcp 127.0.0.1:8583: connect: connection refused
        	Test:       	TestE2E/TestSlowClientWriteTimeout/server_drops_client_that_stalls_mid-frame_triggering_ReadTimeout
--- FAIL: TestE2E (0.01s)
    --- FAIL: TestE2E/TestConnectionLimit (0.00s)
        --- FAIL: TestE2E/TestConnectionLimit/MaxConnections_limit_drops_excess_clients_but_keeps_active_ones_alive (0.00s)
    --- FAIL: TestE2E/TestEdgeCases_ClosedConnection (0.00s)
        --- FAIL: TestE2E/TestEdgeCases_ClosedConnection/sending_to_closed_connection_should_return_an_error (0.00s)
    --- FAIL: TestE2E/TestEdgeCases_EmptySTAN (0.00s)
        --- FAIL: TestE2E/TestEdgeCases_EmptySTAN/echo_with_empty_STAN_should_work_(echo_back_empty) (0.00s)
    --- FAIL: TestE2E/TestEdgeCases_MaxLengthSTAN (0.00s)
        --- FAIL: TestE2E/TestEdgeCases_MaxLengthSTAN/echo_with_max-length_STAN_(6_digits)_should_work (0.00s)
    --- FAIL: TestE2E/TestEdgeCases_NetworkMgmtCodeVariations (0.00s)
        --- FAIL: TestE2E/TestEdgeCases_NetworkMgmtCodeVariations/echo_with_different_NetworkMgmtInfoCode_values_should_echo_back_unchanged (0.00s)
            --- FAIL: TestE2E/TestEdgeCases_NetworkMgmtCodeVariations/echo_with_different_NetworkMgmtInfoCode_values_should_echo_back_unchanged/code_301 (0.00s)
            --- FAIL: TestE2E/TestEdgeCases_NetworkMgmtCodeVariations/echo_with_different_NetworkMgmtInfoCode_values_should_echo_back_unchanged/code_001 (0.00s)
            --- FAIL: TestE2E/TestEdgeCases_NetworkMgmtCodeVariations/echo_with_different_NetworkMgmtInfoCode_values_should_echo_back_unchanged/code_999 (0.00s)
    --- FAIL: TestE2E/TestHappyPath_SingleEcho (0.00s)
        --- FAIL: TestE2E/TestHappyPath_SingleEcho/successfully_send_0800_and_receive_0810_with_ResponseCode_00 (0.00s)
    --- FAIL: TestE2E/TestIdleTimeout (0.00s)
        --- FAIL: TestE2E/TestIdleTimeout/connection_is_dropped_if_no_payload_initializes_before_IdleTimeout_expires (0.00s)
    --- FAIL: TestE2E/TestResponseCodeAlwaysApproved (0.00s)
        --- FAIL: TestE2E/TestResponseCodeAlwaysApproved/ResponseCode_should_always_be_00_(approved)_for_echo_messages (0.00s)
    --- FAIL: TestE2E/TestRobustness_ConcurrentConnections (0.00s)
        --- FAIL: TestE2E/TestRobustness_ConcurrentConnections/open_3_concurrent_connections,_send_1_echo_each,_verify_all_responses_with_no_race (0.00s)
    --- FAIL: TestE2E/TestRobustness_SequentialMessages (0.00s)
        --- FAIL: TestE2E/TestRobustness_SequentialMessages/send_5_sequential_messages_on_same_connection,_verify_all_responses (0.00s)
    --- FAIL: TestE2E/TestSlowClientWriteTimeout (0.00s)
        --- FAIL: TestE2E/TestSlowClientWriteTimeout/server_drops_client_that_stalls_mid-frame_triggering_ReadTimeout (0.00s)
FAIL
coverage: 0.5% of statements in github.com/PayWithSpireInc/transaction-processing/api/gateway, github.com/PayWithSpireInc/transaction-processing/internal/appbase, github.com/PayWithSpireInc/transaction-processing/internal/crypto, github.com/PayWithSpireInc/transaction-processing/internal/gateway/iso, github.com/PayWithSpireInc/transaction-processing/internal/gateway/server, github.com/PayWithSpireInc/transaction-processing/pkg/apiresponse, github.com/PayWithSpireInc/transaction-processing/pkg/crypto, github.com/PayWithSpireInc/transaction-processing/pkg/crypto/utils, github.com/PayWithSpireInc/transaction-processing/pkg/crypto/utils/testutil, github.com/PayWithSpireInc/transaction-processing/pkg/database, github.com/PayWithSpireInc/transaction-processing/pkg/database/postgres, github.com/PayWithSpireInc/transaction-processing/pkg/database/sqlserver, github.com/PayWithSpireInc/transaction-processing/pkg/secretvault, github.com/PayWithSpireInc/transaction-processing/pkg/secretvault/gcp, github.com/PayWithSpireInc/transaction-processing/pkg/secretvault/gcp/testutil, github.com/PayWithSpireInc/transaction-processing/pkg/validation
FAIL	github.com/PayWithSpireInc/transaction-processing/api/gateway	0.013s
	github.com/PayWithSpireInc/transaction-processing/internal/appbase		coverage: 0.0% of statements
=== RUN   TestHSMCrypto
=== RUN   TestHSMCrypto/TestDecryptData_InvalidCiphertext
=== RUN   TestHSMCrypto/TestDecryptData_InvalidCiphertext/when_ciphertext_is_garbage_then_error_is_returned_and_no_panic
=== RUN   TestHSMCrypto/TestDecryptData_InvalidCiphertext/when_ciphertext_is_empty_then_error_is_returned_and_no_panic
=== RUN   TestHSMCrypto/TestDecryptData_ResolverError
=== RUN   TestHSMCrypto/TestDecryptData_ResolverError/when_resolver_fails_then_error_propagates
=== RUN   TestHSMCrypto/TestEncryptData_InvalidKeyFromResolver
=== RUN   TestHSMCrypto/TestEncryptData_InvalidKeyFromResolver/when_resolver_returns_invalid_base64_then_error_propagates_from_crypto_layer
=== RUN   TestHSMCrypto/TestEncryptData_InvalidKeyFromResolver/when_resolver_returns_wrong_key_size_then_error_propagates_from_crypto_layer
=== RUN   TestHSMCrypto/TestEncryptData_ResolverError
=== RUN   TestHSMCrypto/TestEncryptData_ResolverError/when_resolver_fails_then_error_propagates
=== RUN   TestHSMCrypto/TestEncryptDecrypt_IndependentKeys
=== RUN   TestHSMCrypto/TestEncryptDecrypt_IndependentKeys/when_two_keys_are_cached_then_each_decrypts_only_its_own_ciphertext
=== RUN   TestHSMCrypto/TestEncryptDecrypt_RoundTrip
=== RUN   TestHSMCrypto/TestEncryptDecrypt_RoundTrip/when_plaintext_is_a_PIN
=== RUN   TestHSMCrypto/TestEncryptDecrypt_RoundTrip/when_plaintext_is_a_card_number
=== RUN   TestHSMCrypto/TestEncryptDecrypt_RoundTrip/when_plaintext_is_empty
=== RUN   TestHSMCrypto/TestEncryptDecrypt_RoundTrip/when_plaintext_is_unicode
=== RUN   TestHSMCrypto/TestKeyCache_ConcurrentMultipleKeys
=== RUN   TestHSMCrypto/TestKeyCache_ConcurrentMultipleKeys/when_goroutines_encrypt_and_decrypt_with_two_keys_concurrently_then_resolver_is_called_once_per_key
=== RUN   TestHSMCrypto/TestResolveKey_Caching
=== RUN   TestHSMCrypto/TestResolveKey_Caching/when_key_is_resolved_twice_then_resolver_is_called_only_once
=== RUN   TestHSMCrypto/TestResolveKey_Caching/when_resolver_returns_an_error_then_it_is_wrapped_with_the_key_name
=== RUN   TestHSMCrypto/TestResolveKey_Caching/when_resolver_fails_then_the_key_is_not_cached_and_a_retry_succeeds
=== RUN   TestHSMCrypto/TestResolveKey_ConcurrentAccess
=== RUN   TestHSMCrypto/TestResolveKey_ConcurrentAccess/when_many_goroutines_resolve_the_same_key_then_resolver_is_called_exactly_once
=== RUN   TestHSMCrypto/TestVerifyPIN
=== RUN   TestHSMCrypto/TestVerifyPIN/when_PIN_was_encrypted_with_the_same_key_then_verify_returns_true
=== RUN   TestHSMCrypto/TestVerifyPIN/when_encrypted_payload_is_malformed_then_verify_returns_false_with_error
=== RUN   TestHSMCrypto/TestVerifyPIN/when_resolver_fails_then_error_propagates_and_verify_returns_false
--- PASS: TestHSMCrypto (0.00s)
    --- PASS: TestHSMCrypto/TestDecryptData_InvalidCiphertext (0.00s)
        --- PASS: TestHSMCrypto/TestDecryptData_InvalidCiphertext/when_ciphertext_is_garbage_then_error_is_returned_and_no_panic (0.00s)
        --- PASS: TestHSMCrypto/TestDecryptData_InvalidCiphertext/when_ciphertext_is_empty_then_error_is_returned_and_no_panic (0.00s)
    --- PASS: TestHSMCrypto/TestDecryptData_ResolverError (0.00s)
        --- PASS: TestHSMCrypto/TestDecryptData_ResolverError/when_resolver_fails_then_error_propagates (0.00s)
    --- PASS: TestHSMCrypto/TestEncryptData_InvalidKeyFromResolver (0.00s)
        --- PASS: TestHSMCrypto/TestEncryptData_InvalidKeyFromResolver/when_resolver_returns_invalid_base64_then_error_propagates_from_crypto_layer (0.00s)
        --- PASS: TestHSMCrypto/TestEncryptData_InvalidKeyFromResolver/when_resolver_returns_wrong_key_size_then_error_propagates_from_crypto_layer (0.00s)
    --- PASS: TestHSMCrypto/TestEncryptData_ResolverError (0.00s)
        --- PASS: TestHSMCrypto/TestEncryptData_ResolverError/when_resolver_fails_then_error_propagates (0.00s)
    --- PASS: TestHSMCrypto/TestEncryptDecrypt_IndependentKeys (0.00s)
        --- PASS: TestHSMCrypto/TestEncryptDecrypt_IndependentKeys/when_two_keys_are_cached_then_each_decrypts_only_its_own_ciphertext (0.00s)
    --- PASS: TestHSMCrypto/TestEncryptDecrypt_RoundTrip (0.00s)
        --- PASS: TestHSMCrypto/TestEncryptDecrypt_RoundTrip/when_plaintext_is_a_PIN (0.00s)
        --- PASS: TestHSMCrypto/TestEncryptDecrypt_RoundTrip/when_plaintext_is_a_card_number (0.00s)
        --- PASS: TestHSMCrypto/TestEncryptDecrypt_RoundTrip/when_plaintext_is_empty (0.00s)
        --- PASS: TestHSMCrypto/TestEncryptDecrypt_RoundTrip/when_plaintext_is_unicode (0.00s)
    --- PASS: TestHSMCrypto/TestKeyCache_ConcurrentMultipleKeys (0.00s)
        --- PASS: TestHSMCrypto/TestKeyCache_ConcurrentMultipleKeys/when_goroutines_encrypt_and_decrypt_with_two_keys_concurrently_then_resolver_is_called_once_per_key (0.00s)
    --- PASS: TestHSMCrypto/TestResolveKey_Caching (0.00s)
        --- PASS: TestHSMCrypto/TestResolveKey_Caching/when_key_is_resolved_twice_then_resolver_is_called_only_once (0.00s)
        --- PASS: TestHSMCrypto/TestResolveKey_Caching/when_resolver_returns_an_error_then_it_is_wrapped_with_the_key_name (0.00s)
        --- PASS: TestHSMCrypto/TestResolveKey_Caching/when_resolver_fails_then_the_key_is_not_cached_and_a_retry_succeeds (0.00s)
    --- PASS: TestHSMCrypto/TestResolveKey_ConcurrentAccess (0.00s)
        --- PASS: TestHSMCrypto/TestResolveKey_ConcurrentAccess/when_many_goroutines_resolve_the_same_key_then_resolver_is_called_exactly_once (0.00s)
    --- PASS: TestHSMCrypto/TestVerifyPIN (0.00s)
        --- PASS: TestHSMCrypto/TestVerifyPIN/when_PIN_was_encrypted_with_the_same_key_then_verify_returns_true (0.00s)
        --- PASS: TestHSMCrypto/TestVerifyPIN/when_encrypted_payload_is_malformed_then_verify_returns_false_with_error (0.00s)
        --- PASS: TestHSMCrypto/TestVerifyPIN/when_resolver_fails_then_error_propagates_and_verify_returns_false (0.00s)
PASS
coverage: 14.1% of statements in github.com/PayWithSpireInc/transaction-processing/api/gateway, github.com/PayWithSpireInc/transaction-processing/internal/appbase, github.com/PayWithSpireInc/transaction-processing/internal/crypto, github.com/PayWithSpireInc/transaction-processing/internal/gateway/iso, github.com/PayWithSpireInc/transaction-processing/internal/gateway/server, github.com/PayWithSpireInc/transaction-processing/pkg/apiresponse, github.com/PayWithSpireInc/transaction-processing/pkg/crypto, github.com/PayWithSpireInc/transaction-processing/pkg/crypto/utils, github.com/PayWithSpireInc/transaction-processing/pkg/crypto/utils/testutil, github.com/PayWithSpireInc/transaction-processing/pkg/database, github.com/PayWithSpireInc/transaction-processing/pkg/database/postgres, github.com/PayWithSpireInc/transaction-processing/pkg/database/sqlserver, github.com/PayWithSpireInc/transaction-processing/pkg/secretvault, github.com/PayWithSpireInc/transaction-processing/pkg/secretvault/gcp, github.com/PayWithSpireInc/transaction-processing/pkg/secretvault/gcp/testutil, github.com/PayWithSpireInc/transaction-processing/pkg/validation
ok  	github.com/PayWithSpireInc/transaction-processing/internal/crypto	0.013s	coverage: 14.1% of statements in github.com/PayWithSpireInc/transaction-processing/api/gateway, github.com/PayWithSpireInc/transaction-processing/internal/appbase, github.com/PayWithSpireInc/transaction-processing/internal/crypto, github.com/PayWithSpireInc/transaction-processing/internal/gateway/iso, github.com/PayWithSpireInc/transaction-processing/internal/gateway/server, github.com/PayWithSpireInc/transaction-processing/pkg/apiresponse, github.com/PayWithSpireInc/transaction-processing/pkg/crypto, github.com/PayWithSpireInc/transaction-processing/pkg/crypto/utils, github.com/PayWithSpireInc/transaction-processing/pkg/crypto/utils/testutil, github.com/PayWithSpireInc/transaction-processing/pkg/database, github.com/PayWithSpireInc/transaction-processing/pkg/database/postgres, github.com/PayWithSpireInc/transaction-processing/pkg/database/sqlserver, github.com/PayWithSpireInc/transaction-processing/pkg/secretvault, github.com/PayWithSpireInc/transaction-processing/pkg/secretvault/gcp, github.com/PayWithSpireInc/transaction-processing/pkg/secretvault/gcp/testutil, github.com/PayWithSpireInc/transaction-processing/pkg/validation
=== RUN   TestBuildEcho0810_BasicResponse
--- PASS: TestBuildEcho0810_BasicResponse (0.00s)
=== RUN   TestBuildEcho0810_STANVariants
=== RUN   TestBuildEcho0810_STANVariants/min_STAN
=== RUN   TestBuildEcho0810_STANVariants/max_STAN
=== RUN   TestBuildEcho0810_STANVariants/mid_STAN
--- PASS: TestBuildEcho0810_STANVariants (0.00s)
    --- PASS: TestBuildEcho0810_STANVariants/min_STAN (0.00s)
    --- PASS: TestBuildEcho0810_STANVariants/max_STAN (0.00s)
    --- PASS: TestBuildEcho0810_STANVariants/mid_STAN (0.00s)
=== RUN   TestHandleMessage_Echo0800
--- PASS: TestHandleMessage_Echo0800 (0.00s)
=== RUN   TestHandleMessage_UnknownMTI
--- PASS: TestHandleMessage_UnknownMTI (0.00s)
=== RUN   TestDiscoverSpecValidate
--- PASS: TestDiscoverSpecValidate (0.00s)
=== RUN   TestRoundTrip
--- PASS: TestRoundTrip (0.00s)
=== RUN   TestUnpackMalformedPayload
--- PASS: TestUnpackMalformedPayload (0.00s)
=== RUN   TestNewNetworkHeader
=== RUN   TestNewNetworkHeader/WriteTo_then_ReadFrom_round-trips_the_message_length_correctly
--- PASS: TestNewNetworkHeader (0.00s)
    --- PASS: TestNewNetworkHeader/WriteTo_then_ReadFrom_round-trips_the_message_length_correctly (0.00s)
=== RUN   TestNetworkHeaderFraming
--- PASS: TestNetworkHeaderFraming (0.00s)
PASS
coverage: 2.1% of statements in github.com/PayWithSpireInc/transaction-processing/api/gateway, github.com/PayWithSpireInc/transaction-processing/internal/appbase, github.com/PayWithSpireInc/transaction-processing/internal/crypto, github.com/PayWithSpireInc/transaction-processing/internal/gateway/iso, github.com/PayWithSpireInc/transaction-processing/internal/gateway/server, github.com/PayWithSpireInc/transaction-processing/pkg/apiresponse, github.com/PayWithSpireInc/transaction-processing/pkg/crypto, github.com/PayWithSpireInc/transaction-processing/pkg/crypto/utils, github.com/PayWithSpireInc/transaction-processing/pkg/crypto/utils/testutil, github.com/PayWithSpireInc/transaction-processing/pkg/database, github.com/PayWithSpireInc/transaction-processing/pkg/database/postgres, github.com/PayWithSpireInc/transaction-processing/pkg/database/sqlserver, github.com/PayWithSpireInc/transaction-processing/pkg/secretvault, github.com/PayWithSpireInc/transaction-processing/pkg/secretvault/gcp, github.com/PayWithSpireInc/transaction-processing/pkg/secretvault/gcp/testutil, github.com/PayWithSpireInc/transaction-processing/pkg/validation
ok  	github.com/PayWithSpireInc/transaction-processing/internal/gateway/iso	0.006s	coverage: 2.1% of statements in github.com/PayWithSpireInc/transaction-processing/api/gateway, github.com/PayWithSpireInc/transaction-processing/internal/appbase, github.com/PayWithSpireInc/transaction-processing/internal/crypto, github.com/PayWithSpireInc/transaction-processing/internal/gateway/iso, github.com/PayWithSpireInc/transaction-processing/internal/gateway/server, github.com/PayWithSpireInc/transaction-processing/pkg/apiresponse, github.com/PayWithSpireInc/transaction-processing/pkg/crypto, github.com/PayWithSpireInc/transaction-processing/pkg/crypto/utils, github.com/PayWithSpireInc/transaction-processing/pkg/crypto/utils/testutil, github.com/PayWithSpireInc/transaction-processing/pkg/database, github.com/PayWithSpireInc/transaction-processing/pkg/database/postgres, github.com/PayWithSpireInc/transaction-processing/pkg/database/sqlserver, github.com/PayWithSpireInc/transaction-processing/pkg/secretvault, github.com/PayWithSpireInc/transaction-processing/pkg/secretvault/gcp, github.com/PayWithSpireInc/transaction-processing/pkg/secretvault/gcp/testutil, github.com/PayWithSpireInc/transaction-processing/pkg/validation
=== RUN   TestConn
=== RUN   TestConn/TestIsGracefulClose_EOF
=== RUN   TestConn/TestIsGracefulClose_EOF/when_error_is_io.EOF_then_isGracefulClose_returns_true
=== RUN   TestConn/TestIsGracefulClose_NetErrClosed
=== RUN   TestConn/TestIsGracefulClose_NetErrClosed/when_error_contains_net.ErrClosed_then_isGracefulClose_returns_true
=== RUN   TestConn/TestIsGracefulClose_OtherError
=== RUN   TestConn/TestIsGracefulClose_OtherError/when_error_is_not_EOF_or_ErrClosed_then_isGracefulClose_returns_false
=== RUN   TestConn/TestProcessFrame_WriteDeadlineError
=== RUN   TestConn/TestProcessFrame_WriteDeadlineError/when_write_deadline_is_too_short_then_processFrame_returns_a_write_error
=== RUN   TestConn/TestReadLoop_ContextCancelExitsCleanly
=== RUN   TestConn/TestReadLoop_ContextCancelExitsCleanly/when_context_is_cancelled_then_read_loop_exits_without_error
=== RUN   TestConn/TestReadLoop_GracefulClientDisconnect
=== RUN   TestConn/TestReadLoop_GracefulClientDisconnect/when_client_closes_connection_then_handle_exits_without_error_log
=== RUN   TestConn/TestReadLoop_IdleTimeoutEnforced
=== RUN   TestConn/TestReadLoop_IdleTimeoutEnforced/when_client_sends_nothing_then_connection_is_closed_after_idle_timeout
=== RUN   TestConn/TestReadLoop_ReadDeadlineEnforced
=== RUN   TestConn/TestReadLoop_ReadDeadlineEnforced/when_client_sends_prefix_but_no_body_then_read_times_out
=== RUN   TestConn/TestReadLoop_ReceivesFrameAndEchoes
=== RUN   TestConn/TestReadLoop_ReceivesFrameAndEchoes/when_client_sends_a_valid_frame_then_server_echoes_it_back
=== RUN   TestConn/TestReadLoop_UnknownMTI_ContinuesLoop
=== RUN   TestConn/TestReadLoop_UnknownMTI_ContinuesLoop/when_client_sends_unknown_MTI_then_loop_continues_and_does_not_exit
=== RUN   TestConn/TestReadLoop_ZeroLengthFrameReturnsError
=== RUN   TestConn/TestReadLoop_ZeroLengthFrameReturnsError/when_client_sends_a_zero-length_frame_then_handle_exits_with_error
=== RUN   TestConn/TestWrite_FramesDataWithLengthPrefix
=== RUN   TestConn/TestWrite_FramesDataWithLengthPrefix/when_write_is_called_then_response_is_prefixed_with_2-byte_big-endian_length
=== RUN   TestConn/TestWrite_SetsWriteDeadline
=== RUN   TestConn/TestWrite_SetsWriteDeadline/when_write_deadline_elapses_before_client_reads_then_write_returns_error
--- PASS: TestConn (0.25s)
    --- PASS: TestConn/TestIsGracefulClose_EOF (0.00s)
        --- PASS: TestConn/TestIsGracefulClose_EOF/when_error_is_io.EOF_then_isGracefulClose_returns_true (0.00s)
    --- PASS: TestConn/TestIsGracefulClose_NetErrClosed (0.00s)
        --- PASS: TestConn/TestIsGracefulClose_NetErrClosed/when_error_contains_net.ErrClosed_then_isGracefulClose_returns_true (0.00s)
    --- PASS: TestConn/TestIsGracefulClose_OtherError (0.00s)
        --- PASS: TestConn/TestIsGracefulClose_OtherError/when_error_is_not_EOF_or_ErrClosed_then_isGracefulClose_returns_false (0.00s)
    --- PASS: TestConn/TestProcessFrame_WriteDeadlineError (0.00s)
        --- PASS: TestConn/TestProcessFrame_WriteDeadlineError/when_write_deadline_is_too_short_then_processFrame_returns_a_write_error (0.00s)
    --- PASS: TestConn/TestReadLoop_ContextCancelExitsCleanly (0.00s)
        --- PASS: TestConn/TestReadLoop_ContextCancelExitsCleanly/when_context_is_cancelled_then_read_loop_exits_without_error (0.00s)
    --- PASS: TestConn/TestReadLoop_GracefulClientDisconnect (0.00s)
        --- PASS: TestConn/TestReadLoop_GracefulClientDisconnect/when_client_closes_connection_then_handle_exits_without_error_log (0.00s)
    --- PASS: TestConn/TestReadLoop_IdleTimeoutEnforced (0.10s)
        --- PASS: TestConn/TestReadLoop_IdleTimeoutEnforced/when_client_sends_nothing_then_connection_is_closed_after_idle_timeout (0.10s)
    --- PASS: TestConn/TestReadLoop_ReadDeadlineEnforced (0.10s)
        --- PASS: TestConn/TestReadLoop_ReadDeadlineEnforced/when_client_sends_prefix_but_no_body_then_read_times_out (0.10s)
    --- PASS: TestConn/TestReadLoop_ReceivesFrameAndEchoes (0.00s)
        --- PASS: TestConn/TestReadLoop_ReceivesFrameAndEchoes/when_client_sends_a_valid_frame_then_server_echoes_it_back (0.00s)
    --- PASS: TestConn/TestReadLoop_UnknownMTI_ContinuesLoop (0.05s)
        --- PASS: TestConn/TestReadLoop_UnknownMTI_ContinuesLoop/when_client_sends_unknown_MTI_then_loop_continues_and_does_not_exit (0.05s)
    --- PASS: TestConn/TestReadLoop_ZeroLengthFrameReturnsError (0.00s)
        --- PASS: TestConn/TestReadLoop_ZeroLengthFrameReturnsError/when_client_sends_a_zero-length_frame_then_handle_exits_with_error (0.00s)
    --- PASS: TestConn/TestWrite_FramesDataWithLengthPrefix (0.00s)
        --- PASS: TestConn/TestWrite_FramesDataWithLengthPrefix/when_write_is_called_then_response_is_prefixed_with_2-byte_big-endian_length (0.00s)
    --- PASS: TestConn/TestWrite_SetsWriteDeadline (0.00s)
        --- PASS: TestConn/TestWrite_SetsWriteDeadline/when_write_deadline_elapses_before_client_reads_then_write_returns_error (0.00s)
=== RUN   TestServerOptions
=== RUN   TestServerOptions/TestNewServerOptions_EnvOverridesYAML
=== RUN   TestServerOptions/TestNewServerOptions_EnvOverridesYAML/when_GATEWAY_PORT_env_var_is_set_then_it_overrides_the_yaml_value
=== RUN   TestServerOptions/TestNewServerOptions_EnvOverridesYAML/when_GATEWAY_MAX_CONNECTIONS_env_var_is_set_then_it_overrides_yaml
=== RUN   TestServerOptions/TestNewServerOptions_ErrorWrapping
=== RUN   TestServerOptions/TestNewServerOptions_ErrorWrapping/when_validation_fails_then_error_is_prefixed_with_server_options_context
=== RUN   TestServerOptions/TestNewServerOptions_InvalidIdleTimeout
=== RUN   TestServerOptions/TestNewServerOptions_InvalidIdleTimeout/when_idle_timeout_ms_is_less_than_or_equal_to_read_timeout_ms_then_error_is_returned
=== RUN   TestServerOptions/TestNewServerOptions_InvalidMaxConnections
=== RUN   TestServerOptions/TestNewServerOptions_InvalidMaxConnections/when_max_connections_is_negative_then_error_is_returned
=== RUN   TestServerOptions/TestNewServerOptions_InvalidPort
=== RUN   TestServerOptions/TestNewServerOptions_InvalidPort/when_port_is_below_1024_then_error_is_returned
=== RUN   TestServerOptions/TestNewServerOptions_InvalidPort/when_port_is_above_65535_then_error_is_returned
=== RUN   TestServerOptions/TestNewServerOptions_InvalidTimeouts
=== RUN   TestServerOptions/TestNewServerOptions_InvalidTimeouts/when_read_timeout_ms_is_negative_then_error_is_returned
=== RUN   TestServerOptions/TestNewServerOptions_InvalidTimeouts/when_write_timeout_ms_is_negative_then_error_is_returned
=== RUN   TestServerOptions/TestNewServerOptions_LoadsFromYAML
=== RUN   TestServerOptions/TestNewServerOptions_LoadsFromYAML/when_yaml_file_is_valid_then_options_are_built_with_correct_values
=== RUN   TestServerOptions/TestNewServerOptions_YAMLNotFound
=== RUN   TestServerOptions/TestNewServerOptions_YAMLNotFound/when_yaml_file_does_not_exist_then_error_is_returned
=== RUN   TestServerOptions/TestNewServerOptions_YAMLPartialOverride
=== RUN   TestServerOptions/TestNewServerOptions_YAMLPartialOverride/when_yaml_sets_only_port_then_other_fields_use_env-default_values
--- PASS: TestServerOptions (0.00s)
    --- PASS: TestServerOptions/TestNewServerOptions_EnvOverridesYAML (0.00s)
        --- PASS: TestServerOptions/TestNewServerOptions_EnvOverridesYAML/when_GATEWAY_PORT_env_var_is_set_then_it_overrides_the_yaml_value (0.00s)
        --- PASS: TestServerOptions/TestNewServerOptions_EnvOverridesYAML/when_GATEWAY_MAX_CONNECTIONS_env_var_is_set_then_it_overrides_yaml (0.00s)
    --- PASS: TestServerOptions/TestNewServerOptions_ErrorWrapping (0.00s)
        --- PASS: TestServerOptions/TestNewServerOptions_ErrorWrapping/when_validation_fails_then_error_is_prefixed_with_server_options_context (0.00s)
    --- PASS: TestServerOptions/TestNewServerOptions_InvalidIdleTimeout (0.00s)
        --- PASS: TestServerOptions/TestNewServerOptions_InvalidIdleTimeout/when_idle_timeout_ms_is_less_than_or_equal_to_read_timeout_ms_then_error_is_returned (0.00s)
    --- PASS: TestServerOptions/TestNewServerOptions_InvalidMaxConnections (0.00s)
        --- PASS: TestServerOptions/TestNewServerOptions_InvalidMaxConnections/when_max_connections_is_negative_then_error_is_returned (0.00s)
    --- PASS: TestServerOptions/TestNewServerOptions_InvalidPort (0.00s)
        --- PASS: TestServerOptions/TestNewServerOptions_InvalidPort/when_port_is_below_1024_then_error_is_returned (0.00s)
        --- PASS: TestServerOptions/TestNewServerOptions_InvalidPort/when_port_is_above_65535_then_error_is_returned (0.00s)
    --- PASS: TestServerOptions/TestNewServerOptions_InvalidTimeouts (0.00s)
        --- PASS: TestServerOptions/TestNewServerOptions_InvalidTimeouts/when_read_timeout_ms_is_negative_then_error_is_returned (0.00s)
        --- PASS: TestServerOptions/TestNewServerOptions_InvalidTimeouts/when_write_timeout_ms_is_negative_then_error_is_returned (0.00s)
    --- PASS: TestServerOptions/TestNewServerOptions_LoadsFromYAML (0.00s)
        --- PASS: TestServerOptions/TestNewServerOptions_LoadsFromYAML/when_yaml_file_is_valid_then_options_are_built_with_correct_values (0.00s)
    --- PASS: TestServerOptions/TestNewServerOptions_YAMLNotFound (0.00s)
        --- PASS: TestServerOptions/TestNewServerOptions_YAMLNotFound/when_yaml_file_does_not_exist_then_error_is_returned (0.00s)
    --- PASS: TestServerOptions/TestNewServerOptions_YAMLPartialOverride (0.00s)
        --- PASS: TestServerOptions/TestNewServerOptions_YAMLPartialOverride/when_yaml_sets_only_port_then_other_fields_use_env-default_values (0.00s)
=== RUN   TestServer
=== RUN   TestServer/TestAsNetError_WithNetError
=== RUN   TestServer/TestAsNetError_WithNetError/when_err_is_net.Error_then_asNetError_returns_true_and_populates_target
=== RUN   TestServer/TestAsNetError_WithNonNetError
=== RUN   TestServer/TestAsNetError_WithNonNetError/when_err_is_not_net.Error_then_asNetError_returns_false
=== RUN   TestServer/TestIsNetError_WithNetError
=== RUN   TestServer/TestIsNetError_WithNetError/when_err_is_net.Error_then_isNetError_returns_true_and_sets_target
=== RUN   TestServer/TestIsNetError_WithNonNetError
=== RUN   TestServer/TestIsNetError_WithNonNetError/when_err_is_not_net.Error_then_isNetError_returns_false
=== RUN   TestServer/TestMaxConnections_ExcessRejected
=== RUN   TestServer/TestMaxConnections_ExcessRejected/when_connections_exceed_MaxConnections_then_excess_are_rejected_immediately
=== RUN   TestServer/TestNew_PortAlreadyInUse
=== RUN   TestServer/TestNew_PortAlreadyInUse/when_port_is_already_bound_then_New_returns_an_error
=== RUN   TestServer/TestNew_ValidOptions
=== RUN   TestServer/TestNew_ValidOptions/when_options_are_valid_then_server_is_created_and_listener_is_open
=== RUN   TestServer/TestStartStop_Clean
=== RUN   TestServer/TestStartStop_Clean/when_server_starts_then_it_accepts_connections_and_stops_cleanly
=== RUN   TestServer/TestStart_AcceptsWithin100ms
=== RUN   TestServer/TestStart_AcceptsWithin100ms/when_server_starts_then_it_is_ready_to_accept_within_100ms
=== RUN   TestServer/TestStart_ContextCancelled
=== RUN   TestServer/TestStart_ContextCancelled/when_parent_context_is_cancelled_then_accept_loop_exits_cleanly
=== RUN   TestServer/TestStop_DrainWithinShutdownTimeout
=== RUN   TestServer/TestStop_DrainWithinShutdownTimeout/when_Stop_is_called_then_all_goroutines_drain_within_ShutdownTimeout
--- PASS: TestServer (0.08s)
    --- PASS: TestServer/TestAsNetError_WithNetError (0.00s)
        --- PASS: TestServer/TestAsNetError_WithNetError/when_err_is_net.Error_then_asNetError_returns_true_and_populates_target (0.00s)
    --- PASS: TestServer/TestAsNetError_WithNonNetError (0.00s)
        --- PASS: TestServer/TestAsNetError_WithNonNetError/when_err_is_not_net.Error_then_asNetError_returns_false (0.00s)
    --- PASS: TestServer/TestIsNetError_WithNetError (0.00s)
        --- PASS: TestServer/TestIsNetError_WithNetError/when_err_is_net.Error_then_isNetError_returns_true_and_sets_target (0.00s)
    --- PASS: TestServer/TestIsNetError_WithNonNetError (0.00s)
        --- PASS: TestServer/TestIsNetError_WithNonNetError/when_err_is_not_net.Error_then_isNetError_returns_false (0.00s)
    --- PASS: TestServer/TestMaxConnections_ExcessRejected (0.05s)
        --- PASS: TestServer/TestMaxConnections_ExcessRejected/when_connections_exceed_MaxConnections_then_excess_are_rejected_immediately (0.05s)
    --- PASS: TestServer/TestNew_PortAlreadyInUse (0.00s)
        --- PASS: TestServer/TestNew_PortAlreadyInUse/when_port_is_already_bound_then_New_returns_an_error (0.00s)
    --- PASS: TestServer/TestNew_ValidOptions (0.00s)
        --- PASS: TestServer/TestNew_ValidOptions/when_options_are_valid_then_server_is_created_and_listener_is_open (0.00s)
    --- PASS: TestServer/TestStartStop_Clean (0.00s)
        --- PASS: TestServer/TestStartStop_Clean/when_server_starts_then_it_accepts_connections_and_stops_cleanly (0.00s)
    --- PASS: TestServer/TestStart_AcceptsWithin100ms (0.00s)
        --- PASS: TestServer/TestStart_AcceptsWithin100ms/when_server_starts_then_it_is_ready_to_accept_within_100ms (0.00s)
    --- PASS: TestServer/TestStart_ContextCancelled (0.00s)
        --- PASS: TestServer/TestStart_ContextCancelled/when_parent_context_is_cancelled_then_accept_loop_exits_cleanly (0.00s)
    --- PASS: TestServer/TestStop_DrainWithinShutdownTimeout (0.03s)
        --- PASS: TestServer/TestStop_DrainWithinShutdownTimeout/when_Stop_is_called_then_all_goroutines_drain_within_ShutdownTimeout (0.03s)
PASS
coverage: 19.9% of statements in github.com/PayWithSpireInc/transaction-processing/api/gateway, github.com/PayWithSpireInc/transaction-processing/internal/appbase, github.com/PayWithSpireInc/transaction-processing/internal/crypto, github.com/PayWithSpireInc/transaction-processing/internal/gateway/iso, github.com/PayWithSpireInc/transaction-processing/internal/gateway/server, github.com/PayWithSpireInc/transaction-processing/pkg/apiresponse, github.com/PayWithSpireInc/transaction-processing/pkg/crypto, github.com/PayWithSpireInc/transaction-processing/pkg/crypto/utils, github.com/PayWithSpireInc/transaction-processing/pkg/crypto/utils/testutil, github.com/PayWithSpireInc/transaction-processing/pkg/database, github.com/PayWithSpireInc/transaction-processing/pkg/database/postgres, github.com/PayWithSpireInc/transaction-processing/pkg/database/sqlserver, github.com/PayWithSpireInc/transaction-processing/pkg/secretvault, github.com/PayWithSpireInc/transaction-processing/pkg/secretvault/gcp, github.com/PayWithSpireInc/transaction-processing/pkg/secretvault/gcp/testutil, github.com/PayWithSpireInc/transaction-processing/pkg/validation
ok  	github.com/PayWithSpireInc/transaction-processing/internal/gateway/server	0.358s	coverage: 19.9% of statements in github.com/PayWithSpireInc/transaction-processing/api/gateway, github.com/PayWithSpireInc/transaction-processing/internal/appbase, github.com/PayWithSpireInc/transaction-processing/internal/crypto, github.com/PayWithSpireInc/transaction-processing/internal/gateway/iso, github.com/PayWithSpireInc/transaction-processing/internal/gateway/server, github.com/PayWithSpireInc/transaction-processing/pkg/apiresponse, github.com/PayWithSpireInc/transaction-processing/pkg/crypto, github.com/PayWithSpireInc/transaction-processing/pkg/crypto/utils, github.com/PayWithSpireInc/transaction-processing/pkg/crypto/utils/testutil, github.com/PayWithSpireInc/transaction-processing/pkg/database, github.com/PayWithSpireInc/transaction-processing/pkg/database/postgres, github.com/PayWithSpireInc/transaction-processing/pkg/database/sqlserver, github.com/PayWithSpireInc/transaction-processing/pkg/secretvault, github.com/PayWithSpireInc/transaction-processing/pkg/secretvault/gcp, github.com/PayWithSpireInc/transaction-processing/pkg/secretvault/gcp/testutil, github.com/PayWithSpireInc/transaction-processing/pkg/validation
=== RUN   TestAPIResponse
=== RUN   TestAPIResponse/TestEnvelope_JSONShape
=== RUN   TestAPIResponse/TestEnvelope_JSONShape/when_success_envelope_serialises_all_fields
=== RUN   TestAPIResponse/TestEnvelope_JSONShape/when_failure_envelope_serialises_error_object
=== RUN   TestAPIResponse/TestEnvelope_Write
=== RUN   TestAPIResponse/TestEnvelope_Write/when_success_write_sets_correct_status_code_and_content-type
=== RUN   TestAPIResponse/TestEnvelope_Write/when_failure_write_sets_422_and_error_body
=== RUN   TestAPIResponse/TestErrorCodes_Defined
=== RUN   TestAPIResponse/TestErrorCodes_Defined/all_sentinel_codes_are_non-empty_strings
=== RUN   TestAPIResponse/TestFailure_Fields
=== RUN   TestAPIResponse/TestFailure_Fields/when_validation_error
=== RUN   TestAPIResponse/TestFailure_Fields/when_internal_error
=== RUN   TestAPIResponse/TestSuccess_Fields
=== RUN   TestAPIResponse/TestSuccess_Fields/when_data_is_a_map
=== RUN   TestAPIResponse/TestSuccess_Fields/when_data_is_nil
=== RUN   TestAPIResponse/TestSuccess_Fields/when_data_is_a_primitive
--- PASS: TestAPIResponse (0.00s)
    --- PASS: TestAPIResponse/TestEnvelope_JSONShape (0.00s)
        --- PASS: TestAPIResponse/TestEnvelope_JSONShape/when_success_envelope_serialises_all_fields (0.00s)
        --- PASS: TestAPIResponse/TestEnvelope_JSONShape/when_failure_envelope_serialises_error_object (0.00s)
    --- PASS: TestAPIResponse/TestEnvelope_Write (0.00s)
        --- PASS: TestAPIResponse/TestEnvelope_Write/when_success_write_sets_correct_status_code_and_content-type (0.00s)
        --- PASS: TestAPIResponse/TestEnvelope_Write/when_failure_write_sets_422_and_error_body (0.00s)
    --- PASS: TestAPIResponse/TestErrorCodes_Defined (0.00s)
        --- PASS: TestAPIResponse/TestErrorCodes_Defined/all_sentinel_codes_are_non-empty_strings (0.00s)
    --- PASS: TestAPIResponse/TestFailure_Fields (0.00s)
        --- PASS: TestAPIResponse/TestFailure_Fields/when_validation_error (0.00s)
        --- PASS: TestAPIResponse/TestFailure_Fields/when_internal_error (0.00s)
    --- PASS: TestAPIResponse/TestSuccess_Fields (0.00s)
        --- PASS: TestAPIResponse/TestSuccess_Fields/when_data_is_a_map (0.00s)
        --- PASS: TestAPIResponse/TestSuccess_Fields/when_data_is_nil (0.00s)
        --- PASS: TestAPIResponse/TestSuccess_Fields/when_data_is_a_primitive (0.00s)
PASS
coverage: 0.7% of statements in github.com/PayWithSpireInc/transaction-processing/api/gateway, github.com/PayWithSpireInc/transaction-processing/internal/appbase, github.com/PayWithSpireInc/transaction-processing/internal/crypto, github.com/PayWithSpireInc/transaction-processing/internal/gateway/iso, github.com/PayWithSpireInc/transaction-processing/internal/gateway/server, github.com/PayWithSpireInc/transaction-processing/pkg/apiresponse, github.com/PayWithSpireInc/transaction-processing/pkg/crypto, github.com/PayWithSpireInc/transaction-processing/pkg/crypto/utils, github.com/PayWithSpireInc/transaction-processing/pkg/crypto/utils/testutil, github.com/PayWithSpireInc/transaction-processing/pkg/database, github.com/PayWithSpireInc/transaction-processing/pkg/database/postgres, github.com/PayWithSpireInc/transaction-processing/pkg/database/sqlserver, github.com/PayWithSpireInc/transaction-processing/pkg/secretvault, github.com/PayWithSpireInc/transaction-processing/pkg/secretvault/gcp, github.com/PayWithSpireInc/transaction-processing/pkg/secretvault/gcp/testutil, github.com/PayWithSpireInc/transaction-processing/pkg/validation
ok  	github.com/PayWithSpireInc/transaction-processing/pkg/apiresponse	0.034s	coverage: 0.7% of statements in github.com/PayWithSpireInc/transaction-processing/api/gateway, github.com/PayWithSpireInc/transaction-processing/internal/appbase, github.com/PayWithSpireInc/transaction-processing/internal/crypto, github.com/PayWithSpireInc/transaction-processing/internal/gateway/iso, github.com/PayWithSpireInc/transaction-processing/internal/gateway/server, github.com/PayWithSpireInc/transaction-processing/pkg/apiresponse, github.com/PayWithSpireInc/transaction-processing/pkg/crypto, github.com/PayWithSpireInc/transaction-processing/pkg/crypto/utils, github.com/PayWithSpireInc/transaction-processing/pkg/crypto/utils/testutil, github.com/PayWithSpireInc/transaction-processing/pkg/database, github.com/PayWithSpireInc/transaction-processing/pkg/database/postgres, github.com/PayWithSpireInc/transaction-processing/pkg/database/sqlserver, github.com/PayWithSpireInc/transaction-processing/pkg/secretvault, github.com/PayWithSpireInc/transaction-processing/pkg/secretvault/gcp, github.com/PayWithSpireInc/transaction-processing/pkg/secretvault/gcp/testutil, github.com/PayWithSpireInc/transaction-processing/pkg/validation
=== RUN   TestAES
=== RUN   TestAES/TestAESDecryptLegacy_InvalidInput
=== RUN   TestAES/TestAESDecryptLegacy_InvalidInput/invalid_base64
=== RUN   TestAES/TestAESDecryptLegacy_InvalidInput/ciphertext_not_multiple_of_block
=== RUN   TestAES/TestAESDecryptLegacy_InvalidInput/empty_key
=== RUN   TestAES/TestAESDecryptLegacy_InvalidInput/wrong_key_size
=== RUN   TestAES/TestAESDecryptLegacy_InvalidInput/ciphertext_1_byte
=== RUN   TestAES/TestAESDecryptLegacy_WrongKey
=== RUN   TestAES/TestAESDecryptLegacy_WrongKey/when_decrypt_key_does_not_match_then_error
=== RUN   TestAES/TestAESDecryptLegacy_WrongKey/when_decrypt_with_empty_key_then_error
=== RUN   TestAES/TestAESDecryptLegacy_WrongKey/when_decrypt_with_wrong_size_key_then_error
=== RUN   TestAES/TestAESDecryptLegacy_WrongKey/when_encrypt_key_A_decrypt_key_B_for_empty_plaintext
=== RUN   TestAES/TestAESDecryptLegacy_WrongKey/when_multiple_wrong_keys_all_fail
=== RUN   TestAES/TestAESDecrypt_IVLengthZero
=== RUN   TestAES/TestAESDecrypt_IVLengthZero/when_iv_length_field_is_0000
=== RUN   TestAES/TestAESDecrypt_IVLengthZero/when_iv_length_field_negative
=== RUN   TestAES/TestAESDecrypt_IVLengthZero/when_iv_length_field_too_large
=== RUN   TestAES/TestAESDecrypt_IVLengthZero/when_payload_shorter_than_iv_length_claim
=== RUN   TestAES/TestAESDecrypt_IVWrongSize
=== RUN   TestAES/TestAESDecrypt_IVWrongSize/when_iv_is_15_bytes
=== RUN   TestAES/TestAESDecrypt_IVWrongSize/when_iv_is_17_bytes
=== RUN   TestAES/TestAESDecrypt_IVWrongSize/when_iv_is_zero_length
=== RUN   TestAES/TestAESDecrypt_IVWrongSize/when_iv_is_8_bytes
=== RUN   TestAES/TestAESDecrypt_IVWrongSize/when_iv_is_32_bytes
=== RUN   TestAES/TestAESDecrypt_InvalidCiphertextBase64
=== RUN   TestAES/TestAESDecrypt_InvalidCiphertextBase64/when_ciphertext_is_invalid_base64
=== RUN   TestAES/TestAESDecrypt_InvalidCiphertextBase64/when_ciphertext_base64_decodes_to_wrong_block_alignment
=== RUN   TestAES/TestAESDecrypt_InvalidCiphertextBase64/when_ciphertext_has_wrong_padding_char
=== RUN   TestAES/TestAESDecrypt_InvalidCiphertextBase64/when_ciphertext_is_truncated_base64
=== RUN   TestAES/TestAESDecrypt_InvalidCiphertextBase64/when_ciphertext_contains_space
=== RUN   TestAES/TestAESDecrypt_InvalidIVOrCiphertextBase64
=== RUN   TestAES/TestAESDecrypt_InvalidIVOrCiphertextBase64/when_iv_is_invalid_base64
=== RUN   TestAES/TestAESDecrypt_InvalidIVOrCiphertextBase64/when_iv_contains_non-base64_rune
=== RUN   TestAES/TestAESDecrypt_InvalidIVOrCiphertextBase64/when_iv_length_field_is_negative_number_string
=== RUN   TestAES/TestAESDecrypt_InvalidIVOrCiphertextBase64/when_iv_length_field_is_non-numeric
=== RUN   TestAES/TestAESDecrypt_InvalidIVOrCiphertextBase64/when_payload_is_exactly_min_length_but_invalid
=== RUN   TestAES/TestAESDecrypt_InvalidKey
=== RUN   TestAES/TestAESDecrypt_InvalidKey/when_decrypt_key_is_empty
=== RUN   TestAES/TestAESDecrypt_InvalidKey/when_decrypt_key_is_invalid_base64
=== RUN   TestAES/TestAESDecrypt_InvalidKey/when_decrypt_key_is_wrong_length
=== RUN   TestAES/TestAESDecrypt_InvalidKey/when_decrypt_key_is_31_bytes_base64
=== RUN   TestAES/TestAESDecrypt_InvalidKey/when_decrypt_key_has_invalid_base64_padding
=== RUN   TestAES/TestAESDecrypt_InvalidPayload
=== RUN   TestAES/TestAESDecrypt_InvalidPayload/too_short
=== RUN   TestAES/TestAESDecrypt_InvalidPayload/invalid_iv_length_field
=== RUN   TestAES/TestAESDecrypt_InvalidPayload/payload_shorter_than_iv
=== RUN   TestAES/TestAESDecrypt_InvalidPayload/iv_length_zero
=== RUN   TestAES/TestAESDecrypt_InvalidPayload/header_only_no_iv
=== RUN   TestAES/TestAESDecrypt_TamperedCiphertext
=== RUN   TestAES/TestAESDecrypt_TamperedCiphertext/when_ciphertext_is_tampered_in_last_char
=== RUN   TestAES/TestAESDecrypt_TamperedCiphertext/when_ciphertext_region_has_one_char_flipped
=== RUN   TestAES/TestAESDecrypt_TamperedCiphertext/when_payload_has_extra_trailing_garbage
=== RUN   TestAES/TestAESDecrypt_TamperedCiphertext/when_key_index_prefix_is_corrupted_then_decrypt_still_uses_iv_and_ct
=== RUN   TestAES/TestAESDecrypt_TamperedCiphertext/when_one_block_of_ciphertext_is_zeroed
=== RUN   TestAES/TestAESDecrypt_WrongKey
=== RUN   TestAES/TestAESDecrypt_WrongKey/when_decrypt_key_does_not_match_encrypt_key
=== RUN   TestAES/TestAESDecrypt_WrongKey/when_key_is_all_zeros_same_length
=== RUN   TestAES/TestAESDecrypt_WrongKey/when_three_different_keys_then_decrypt_with_third_fails_or_wrong
=== RUN   TestAES/TestAESDecrypt_WrongKey/when_encrypt_with_key_A_decrypt_with_key_B_multiple_times
=== RUN   TestAES/TestAESDecrypt_WrongKey/when_keys_differ_by_one_byte_then_still_wrong_result
=== RUN   TestAES/TestAESEncryptDecrypt_RoundTrip
=== RUN   TestAES/TestAESEncryptDecrypt_RoundTrip/when_plaintext_is_card_number
=== RUN   TestAES/TestAESEncryptDecrypt_RoundTrip/when_plaintext_is_empty
=== RUN   TestAES/TestAESEncryptDecrypt_RoundTrip/when_different_keys_produce_different_ciphertext
=== RUN   TestAES/TestAESEncryptDecrypt_RoundTrip/when_plaintext_is_single_block_size
=== RUN   TestAES/TestAESEncryptDecrypt_RoundTrip/when_plaintext_is_long_and_unicode
=== RUN   TestAES/TestAESEncryptLegacy_AESDecryptLegacy_RoundTrip
=== RUN   TestAES/TestAESEncryptLegacy_AESDecryptLegacy_RoundTrip/when_plaintext_is_card_number
=== RUN   TestAES/TestAESEncryptLegacy_AESDecryptLegacy_RoundTrip/when_plaintext_is_empty
=== RUN   TestAES/TestAESEncryptLegacy_AESDecryptLegacy_RoundTrip/when_plaintext_is_single_character
=== RUN   TestAES/TestAESEncryptLegacy_AESDecryptLegacy_RoundTrip/when_plaintext_is_exactly_one_block
=== RUN   TestAES/TestAESEncryptLegacy_AESDecryptLegacy_RoundTrip/when_plaintext_is_long_with_special_chars
=== RUN   TestAES/TestAESEncryptLegacy_Deterministic
=== RUN   TestAES/TestAESEncryptLegacy_Deterministic/when_same_key_and_plaintext_then_same_ciphertext
=== RUN   TestAES/TestAESEncryptLegacy_Deterministic/when_called_three_times_same_input_then_all_equal
=== RUN   TestAES/TestAESEncryptLegacy_Deterministic/when_empty_plaintext_with_fixed_key_then_deterministic
=== RUN   TestAES/TestAESEncryptLegacy_Deterministic/when_different_plaintext_then_different_ciphertext
=== RUN   TestAES/TestAESEncryptLegacy_Deterministic/when_same_plaintext_different_key_then_different_ciphertext
=== RUN   TestAES/TestAESEncryptLegacy_InvalidKey
=== RUN   TestAES/TestAESEncryptLegacy_InvalidKey/empty
=== RUN   TestAES/TestAESEncryptLegacy_InvalidKey/wrong_size
=== RUN   TestAES/TestAESEncryptLegacy_InvalidKey/invalid_base64
=== RUN   TestAES/TestAESEncrypt_InvalidKey
=== RUN   TestAES/TestAESEncrypt_InvalidKey/empty_key
=== RUN   TestAES/TestAESEncrypt_InvalidKey/wrong_size_base64
=== RUN   TestAES/TestAESEncrypt_InvalidKey/invalid_base64
=== RUN   TestAES/TestAESEncrypt_InvalidKey/key_too_long
=== RUN   TestAES/TestAESEncrypt_InvalidKey/key_31_bytes
=== RUN   TestAES/TestAESEncrypt_KeyIndexBounds
=== RUN   TestAES/TestAESEncrypt_KeyIndexBounds/when_key_index_is_negative_then_clamped_to_0000
=== RUN   TestAES/TestAESEncrypt_KeyIndexBounds/when_key_index_over_9999_then_clamped_to_9999
=== RUN   TestAES/TestAESEncrypt_KeyIndexBounds/when_key_index_is_-100_then_0000
=== RUN   TestAES/TestAESEncrypt_KeyIndexBounds/when_key_index_is_10000_then_9999
=== RUN   TestAES/TestAESEncrypt_KeyIndexBounds/when_key_index_is_9998_then_9998
=== RUN   TestAES/TestAESEncrypt_KeyIndexFormat
=== RUN   TestAES/TestAESEncrypt_KeyIndexFormat/when_key_index_is_42_then_prefix_0042
=== RUN   TestAES/TestAESEncrypt_KeyIndexFormat/when_key_index_is_0_then_prefix_0000
=== RUN   TestAES/TestAESEncrypt_KeyIndexFormat/when_key_index_is_9999_then_prefix_9999
=== RUN   TestAES/TestAESEncrypt_KeyIndexFormat/when_key_index_is_1_then_prefix_0001
=== RUN   TestAES/TestAESEncrypt_KeyIndexFormat/when_key_index_is_1234_then_prefix_1234
=== RUN   TestAES/TestGenerateAES256Key
=== RUN   TestAES/TestGenerateAES256Key/when_key_is_generated_then_32_bytes_decoded
=== RUN   TestAES/TestGenerateAES256Key/when_multiple_keys_generated_then_all_unique
=== RUN   TestAES/TestGenerateAES256Key/when_key_is_generated_then_valid_base64
=== RUN   TestAES/TestGenerateAES256Key/when_key_is_generated_then_non-empty
=== RUN   TestAES/TestGenerateAES256Key/when_key_is_generated_then_usable_for_encrypt
=== RUN   TestAES/TestGenerateIV
=== RUN   TestAES/TestGenerateIV/when_IV_is_generated_then_16_bytes_decoded
=== RUN   TestAES/TestGenerateIV/when_IV_generated_multiple_times_then_all_valid
=== RUN   TestAES/TestGenerateIV/when_IV_is_generated_then_non-empty
=== RUN   TestAES/TestGenerateIV/when_IV_is_generated_then_valid_base64
=== RUN   TestAES/TestGenerateIV/when_IV_generated_twice_then_typically_different
=== RUN   TestAES/Test_pkcs7Pad_Unpad_RoundTrip
=== RUN   TestAES/Test_pkcs7Pad_Unpad_RoundTrip/empty
=== RUN   TestAES/Test_pkcs7Pad_Unpad_RoundTrip/one_byte
=== RUN   TestAES/Test_pkcs7Pad_Unpad_RoundTrip/exact_block
=== RUN   TestAES/Test_pkcs7Pad_Unpad_RoundTrip/block_minus_one
=== RUN   TestAES/Test_pkcs7Pad_Unpad_RoundTrip/two_blocks
=== RUN   TestAES/Test_pkcs7Unpad_Invalid
=== RUN   TestAES/Test_pkcs7Unpad_Invalid/empty_data
=== RUN   TestAES/Test_pkcs7Unpad_Invalid/length_not_multiple_of_block
=== RUN   TestAES/Test_pkcs7Unpad_Invalid/padding_value_zero
=== RUN   TestAES/Test_pkcs7Unpad_Invalid/padding_value_>_blockSize
=== RUN   TestAES/Test_pkcs7Unpad_Invalid/inconsistent_padding_bytes
--- PASS: TestAES (0.01s)
    --- PASS: TestAES/TestAESDecryptLegacy_InvalidInput (0.00s)
        --- PASS: TestAES/TestAESDecryptLegacy_InvalidInput/invalid_base64 (0.00s)
        --- PASS: TestAES/TestAESDecryptLegacy_InvalidInput/ciphertext_not_multiple_of_block (0.00s)
        --- PASS: TestAES/TestAESDecryptLegacy_InvalidInput/empty_key (0.00s)
        --- PASS: TestAES/TestAESDecryptLegacy_InvalidInput/wrong_key_size (0.00s)
        --- PASS: TestAES/TestAESDecryptLegacy_InvalidInput/ciphertext_1_byte (0.00s)
    --- PASS: TestAES/TestAESDecryptLegacy_WrongKey (0.00s)
        --- PASS: TestAES/TestAESDecryptLegacy_WrongKey/when_decrypt_key_does_not_match_then_error (0.00s)
        --- PASS: TestAES/TestAESDecryptLegacy_WrongKey/when_decrypt_with_empty_key_then_error (0.00s)
        --- PASS: TestAES/TestAESDecryptLegacy_WrongKey/when_decrypt_with_wrong_size_key_then_error (0.00s)
        --- PASS: TestAES/TestAESDecryptLegacy_WrongKey/when_encrypt_key_A_decrypt_key_B_for_empty_plaintext (0.00s)
        --- PASS: TestAES/TestAESDecryptLegacy_WrongKey/when_multiple_wrong_keys_all_fail (0.00s)
    --- PASS: TestAES/TestAESDecrypt_IVLengthZero (0.00s)
        --- PASS: TestAES/TestAESDecrypt_IVLengthZero/when_iv_length_field_is_0000 (0.00s)
        --- PASS: TestAES/TestAESDecrypt_IVLengthZero/when_iv_length_field_negative (0.00s)
        --- PASS: TestAES/TestAESDecrypt_IVLengthZero/when_iv_length_field_too_large (0.00s)
        --- PASS: TestAES/TestAESDecrypt_IVLengthZero/when_payload_shorter_than_iv_length_claim (0.00s)
    --- PASS: TestAES/TestAESDecrypt_IVWrongSize (0.00s)
        --- PASS: TestAES/TestAESDecrypt_IVWrongSize/when_iv_is_15_bytes (0.00s)
        --- PASS: TestAES/TestAESDecrypt_IVWrongSize/when_iv_is_17_bytes (0.00s)
        --- PASS: TestAES/TestAESDecrypt_IVWrongSize/when_iv_is_zero_length (0.00s)
        --- PASS: TestAES/TestAESDecrypt_IVWrongSize/when_iv_is_8_bytes (0.00s)
        --- PASS: TestAES/TestAESDecrypt_IVWrongSize/when_iv_is_32_bytes (0.00s)
    --- PASS: TestAES/TestAESDecrypt_InvalidCiphertextBase64 (0.00s)
        --- PASS: TestAES/TestAESDecrypt_InvalidCiphertextBase64/when_ciphertext_is_invalid_base64 (0.00s)
        --- PASS: TestAES/TestAESDecrypt_InvalidCiphertextBase64/when_ciphertext_base64_decodes_to_wrong_block_alignment (0.00s)
        --- PASS: TestAES/TestAESDecrypt_InvalidCiphertextBase64/when_ciphertext_has_wrong_padding_char (0.00s)
        --- PASS: TestAES/TestAESDecrypt_InvalidCiphertextBase64/when_ciphertext_is_truncated_base64 (0.00s)
        --- PASS: TestAES/TestAESDecrypt_InvalidCiphertextBase64/when_ciphertext_contains_space (0.00s)
    --- PASS: TestAES/TestAESDecrypt_InvalidIVOrCiphertextBase64 (0.00s)
        --- PASS: TestAES/TestAESDecrypt_InvalidIVOrCiphertextBase64/when_iv_is_invalid_base64 (0.00s)
        --- PASS: TestAES/TestAESDecrypt_InvalidIVOrCiphertextBase64/when_iv_contains_non-base64_rune (0.00s)
        --- PASS: TestAES/TestAESDecrypt_InvalidIVOrCiphertextBase64/when_iv_length_field_is_negative_number_string (0.00s)
        --- PASS: TestAES/TestAESDecrypt_InvalidIVOrCiphertextBase64/when_iv_length_field_is_non-numeric (0.00s)
        --- PASS: TestAES/TestAESDecrypt_InvalidIVOrCiphertextBase64/when_payload_is_exactly_min_length_but_invalid (0.00s)
    --- PASS: TestAES/TestAESDecrypt_InvalidKey (0.00s)
        --- PASS: TestAES/TestAESDecrypt_InvalidKey/when_decrypt_key_is_empty (0.00s)
        --- PASS: TestAES/TestAESDecrypt_InvalidKey/when_decrypt_key_is_invalid_base64 (0.00s)
        --- PASS: TestAES/TestAESDecrypt_InvalidKey/when_decrypt_key_is_wrong_length (0.00s)
        --- PASS: TestAES/TestAESDecrypt_InvalidKey/when_decrypt_key_is_31_bytes_base64 (0.00s)
        --- PASS: TestAES/TestAESDecrypt_InvalidKey/when_decrypt_key_has_invalid_base64_padding (0.00s)
    --- PASS: TestAES/TestAESDecrypt_InvalidPayload (0.00s)
        --- PASS: TestAES/TestAESDecrypt_InvalidPayload/too_short (0.00s)
        --- PASS: TestAES/TestAESDecrypt_InvalidPayload/invalid_iv_length_field (0.00s)
        --- PASS: TestAES/TestAESDecrypt_InvalidPayload/payload_shorter_than_iv (0.00s)
        --- PASS: TestAES/TestAESDecrypt_InvalidPayload/iv_length_zero (0.00s)
        --- PASS: TestAES/TestAESDecrypt_InvalidPayload/header_only_no_iv (0.00s)
    --- PASS: TestAES/TestAESDecrypt_TamperedCiphertext (0.00s)
        --- PASS: TestAES/TestAESDecrypt_TamperedCiphertext/when_ciphertext_is_tampered_in_last_char (0.00s)
        --- PASS: TestAES/TestAESDecrypt_TamperedCiphertext/when_ciphertext_region_has_one_char_flipped (0.00s)
        --- PASS: TestAES/TestAESDecrypt_TamperedCiphertext/when_payload_has_extra_trailing_garbage (0.00s)
        --- PASS: TestAES/TestAESDecrypt_TamperedCiphertext/when_key_index_prefix_is_corrupted_then_decrypt_still_uses_iv_and_ct (0.00s)
        --- PASS: TestAES/TestAESDecrypt_TamperedCiphertext/when_one_block_of_ciphertext_is_zeroed (0.00s)
    --- PASS: TestAES/TestAESDecrypt_WrongKey (0.00s)
        --- PASS: TestAES/TestAESDecrypt_WrongKey/when_decrypt_key_does_not_match_encrypt_key (0.00s)
        --- PASS: TestAES/TestAESDecrypt_WrongKey/when_key_is_all_zeros_same_length (0.00s)
        --- PASS: TestAES/TestAESDecrypt_WrongKey/when_three_different_keys_then_decrypt_with_third_fails_or_wrong (0.00s)
        --- PASS: TestAES/TestAESDecrypt_WrongKey/when_encrypt_with_key_A_decrypt_with_key_B_multiple_times (0.00s)
        --- PASS: TestAES/TestAESDecrypt_WrongKey/when_keys_differ_by_one_byte_then_still_wrong_result (0.00s)
    --- PASS: TestAES/TestAESEncryptDecrypt_RoundTrip (0.00s)
        --- PASS: TestAES/TestAESEncryptDecrypt_RoundTrip/when_plaintext_is_card_number (0.00s)
        --- PASS: TestAES/TestAESEncryptDecrypt_RoundTrip/when_plaintext_is_empty (0.00s)
        --- PASS: TestAES/TestAESEncryptDecrypt_RoundTrip/when_different_keys_produce_different_ciphertext (0.00s)
        --- PASS: TestAES/TestAESEncryptDecrypt_RoundTrip/when_plaintext_is_single_block_size (0.00s)
        --- PASS: TestAES/TestAESEncryptDecrypt_RoundTrip/when_plaintext_is_long_and_unicode (0.00s)
    --- PASS: TestAES/TestAESEncryptLegacy_AESDecryptLegacy_RoundTrip (0.00s)
        --- PASS: TestAES/TestAESEncryptLegacy_AESDecryptLegacy_RoundTrip/when_plaintext_is_card_number (0.00s)
        --- PASS: TestAES/TestAESEncryptLegacy_AESDecryptLegacy_RoundTrip/when_plaintext_is_empty (0.00s)
        --- PASS: TestAES/TestAESEncryptLegacy_AESDecryptLegacy_RoundTrip/when_plaintext_is_single_character (0.00s)
        --- PASS: TestAES/TestAESEncryptLegacy_AESDecryptLegacy_RoundTrip/when_plaintext_is_exactly_one_block (0.00s)
        --- PASS: TestAES/TestAESEncryptLegacy_AESDecryptLegacy_RoundTrip/when_plaintext_is_long_with_special_chars (0.00s)
    --- PASS: TestAES/TestAESEncryptLegacy_Deterministic (0.00s)
        --- PASS: TestAES/TestAESEncryptLegacy_Deterministic/when_same_key_and_plaintext_then_same_ciphertext (0.00s)
        --- PASS: TestAES/TestAESEncryptLegacy_Deterministic/when_called_three_times_same_input_then_all_equal (0.00s)
        --- PASS: TestAES/TestAESEncryptLegacy_Deterministic/when_empty_plaintext_with_fixed_key_then_deterministic (0.00s)
        --- PASS: TestAES/TestAESEncryptLegacy_Deterministic/when_different_plaintext_then_different_ciphertext (0.00s)
        --- PASS: TestAES/TestAESEncryptLegacy_Deterministic/when_same_plaintext_different_key_then_different_ciphertext (0.00s)
    --- PASS: TestAES/TestAESEncryptLegacy_InvalidKey (0.00s)
        --- PASS: TestAES/TestAESEncryptLegacy_InvalidKey/empty (0.00s)
        --- PASS: TestAES/TestAESEncryptLegacy_InvalidKey/wrong_size (0.00s)
        --- PASS: TestAES/TestAESEncryptLegacy_InvalidKey/invalid_base64 (0.00s)
    --- PASS: TestAES/TestAESEncrypt_InvalidKey (0.00s)
        --- PASS: TestAES/TestAESEncrypt_InvalidKey/empty_key (0.00s)
        --- PASS: TestAES/TestAESEncrypt_InvalidKey/wrong_size_base64 (0.00s)
        --- PASS: TestAES/TestAESEncrypt_InvalidKey/invalid_base64 (0.00s)
        --- PASS: TestAES/TestAESEncrypt_InvalidKey/key_too_long (0.00s)
        --- PASS: TestAES/TestAESEncrypt_InvalidKey/key_31_bytes (0.00s)
    --- PASS: TestAES/TestAESEncrypt_KeyIndexBounds (0.00s)
        --- PASS: TestAES/TestAESEncrypt_KeyIndexBounds/when_key_index_is_negative_then_clamped_to_0000 (0.00s)
        --- PASS: TestAES/TestAESEncrypt_KeyIndexBounds/when_key_index_over_9999_then_clamped_to_9999 (0.00s)
        --- PASS: TestAES/TestAESEncrypt_KeyIndexBounds/when_key_index_is_-100_then_0000 (0.00s)
        --- PASS: TestAES/TestAESEncrypt_KeyIndexBounds/when_key_index_is_10000_then_9999 (0.00s)
        --- PASS: TestAES/TestAESEncrypt_KeyIndexBounds/when_key_index_is_9998_then_9998 (0.00s)
    --- PASS: TestAES/TestAESEncrypt_KeyIndexFormat (0.00s)
        --- PASS: TestAES/TestAESEncrypt_KeyIndexFormat/when_key_index_is_42_then_prefix_0042 (0.00s)
        --- PASS: TestAES/TestAESEncrypt_KeyIndexFormat/when_key_index_is_0_then_prefix_0000 (0.00s)
        --- PASS: TestAES/TestAESEncrypt_KeyIndexFormat/when_key_index_is_9999_then_prefix_9999 (0.00s)
        --- PASS: TestAES/TestAESEncrypt_KeyIndexFormat/when_key_index_is_1_then_prefix_0001 (0.00s)
        --- PASS: TestAES/TestAESEncrypt_KeyIndexFormat/when_key_index_is_1234_then_prefix_1234 (0.00s)
    --- PASS: TestAES/TestGenerateAES256Key (0.00s)
        --- PASS: TestAES/TestGenerateAES256Key/when_key_is_generated_then_32_bytes_decoded (0.00s)
        --- PASS: TestAES/TestGenerateAES256Key/when_multiple_keys_generated_then_all_unique (0.00s)
        --- PASS: TestAES/TestGenerateAES256Key/when_key_is_generated_then_valid_base64 (0.00s)
        --- PASS: TestAES/TestGenerateAES256Key/when_key_is_generated_then_non-empty (0.00s)
        --- PASS: TestAES/TestGenerateAES256Key/when_key_is_generated_then_usable_for_encrypt (0.00s)
    --- PASS: TestAES/TestGenerateIV (0.00s)
        --- PASS: TestAES/TestGenerateIV/when_IV_is_generated_then_16_bytes_decoded (0.00s)
        --- PASS: TestAES/TestGenerateIV/when_IV_generated_multiple_times_then_all_valid (0.00s)
        --- PASS: TestAES/TestGenerateIV/when_IV_is_generated_then_non-empty (0.00s)
        --- PASS: TestAES/TestGenerateIV/when_IV_is_generated_then_valid_base64 (0.00s)
        --- PASS: TestAES/TestGenerateIV/when_IV_generated_twice_then_typically_different (0.00s)
    --- PASS: TestAES/Test_pkcs7Pad_Unpad_RoundTrip (0.00s)
        --- PASS: TestAES/Test_pkcs7Pad_Unpad_RoundTrip/empty (0.00s)
        --- PASS: TestAES/Test_pkcs7Pad_Unpad_RoundTrip/one_byte (0.00s)
        --- PASS: TestAES/Test_pkcs7Pad_Unpad_RoundTrip/exact_block (0.00s)
        --- PASS: TestAES/Test_pkcs7Pad_Unpad_RoundTrip/block_minus_one (0.00s)
        --- PASS: TestAES/Test_pkcs7Pad_Unpad_RoundTrip/two_blocks (0.00s)
    --- PASS: TestAES/Test_pkcs7Unpad_Invalid (0.01s)
        --- PASS: TestAES/Test_pkcs7Unpad_Invalid/empty_data (0.00s)
        --- PASS: TestAES/Test_pkcs7Unpad_Invalid/length_not_multiple_of_block (0.00s)
        --- PASS: TestAES/Test_pkcs7Unpad_Invalid/padding_value_zero (0.01s)
        --- PASS: TestAES/Test_pkcs7Unpad_Invalid/padding_value_>_blockSize (0.00s)
        --- PASS: TestAES/Test_pkcs7Unpad_Invalid/inconsistent_padding_bytes (0.00s)
=== RUN   TestHash
=== RUN   TestHash/TestSHA256Hex
=== RUN   TestHash/TestSHA256Hex/hello
=== RUN   TestHash/TestSHA256Hex/empty
=== RUN   TestHash/TestSHA256Hex/card
=== RUN   TestHash/TestSHA256Hex/single_char
=== RUN   TestHash/TestSHA256Hex/with_newline
=== RUN   TestHash/TestSHA256Hex_Deterministic
=== RUN   TestHash/TestSHA256Hex_Deterministic/when_same_data_then_same_hash
=== RUN   TestHash/TestSHA256Hex_Deterministic/when_empty_then_same
=== RUN   TestHash/TestSHA256Hex_Deterministic/when_called_5_times_then_all_equal
=== RUN   TestHash/TestSHA256Hex_Deterministic/when_unicode_then_deterministic
=== RUN   TestHash/TestSHA256Hex_Deterministic/when_binary_data_string_then_deterministic
=== RUN   TestHash/TestSHA256Hex_LargeInput
=== RUN   TestHash/TestSHA256Hex_LargeInput/when_data_is_1MB_then_still_64_char_hex
=== RUN   TestHash/TestSHA256Hex_LargeInput/when_data_is_10KB_then_64_hex
=== RUN   TestHash/TestSHA256Hex_LargeInput/when_data_is_100KB_then_64_hex
=== RUN   TestHash/TestSHA256Hex_LargeInput/when_data_is_2MB_then_64_hex
=== RUN   TestHash/TestSHA256Hex_LargeInput/when_data_is_4KB_then_64_hex
=== RUN   TestHash/TestSHA256Hex_ReturnsLowercaseHex
=== RUN   TestHash/TestSHA256Hex_ReturnsLowercaseHex/when_data_is_non-empty_then_64_char_lowercase_hex
=== RUN   TestHash/TestSHA256Hex_ReturnsLowercaseHex/when_data_empty_then_64_hex
=== RUN   TestHash/TestSHA256Hex_ReturnsLowercaseHex/when_data_long_then_64_hex
=== RUN   TestHash/TestSHA256Hex_ReturnsLowercaseHex/when_data_has_spaces_then_64_hex
=== RUN   TestHash/TestSHA256Hex_ReturnsLowercaseHex/when_data_is_single_space_then_64_hex
=== RUN   TestHash/TestSHA256Salted
=== RUN   TestHash/TestSHA256Salted/normal
=== RUN   TestHash/TestSHA256Salted/empty_salt
=== RUN   TestHash/TestSHA256Salted/empty_data
=== RUN   TestHash/TestSHA256Salted/card_number
=== RUN   TestHash/TestSHA256Salted/unicode
=== RUN   TestHash/TestSHA256Salted_Deterministic
=== RUN   TestHash/TestSHA256Salted_Deterministic/when_same_salt_and_data_then_same_hash
=== RUN   TestHash/TestSHA256Salted_Deterministic/when_called_5_times_then_all_equal
=== RUN   TestHash/TestSHA256Salted_Deterministic/when_salt_and_data_empty_then_deterministic
=== RUN   TestHash/TestSHA256Salted_Deterministic/when_long_inputs_then_deterministic
=== RUN   TestHash/TestSHA256Salted_Deterministic/when_unicode_then_deterministic
=== RUN   TestHash/TestSHA256Salted_OrderMatters
=== RUN   TestHash/TestSHA256Salted_OrderMatters/when_salt_and_data_order_differs_then_hashes_differ
=== RUN   TestHash/TestSHA256Salted_OrderMatters/when_salt_and_data_swapped_multiple_pairs
=== RUN   TestHash/TestSHA256Salted_OrderMatters/when_prefix_and_suffix_swapped
=== RUN   TestHash/TestSHA256Salted_OrderMatters/when_a_and_b_swapped_then_different
=== RUN   TestHash/TestSHA256Salted_OrderMatters/when_long_strings_swapped
=== RUN   TestHash/TestSHA256Salted_ReturnsLowercaseHex
=== RUN   TestHash/TestSHA256Salted_ReturnsLowercaseHex/when_input_has_unicode_then_output_is_64_lowercase_hex
=== RUN   TestHash/TestSHA256Salted_ReturnsLowercaseHex/when_empty_inputs_then_64_hex
=== RUN   TestHash/TestSHA256Salted_ReturnsLowercaseHex/when_numeric_then_only_0-9a-f
=== RUN   TestHash/TestSHA256Salted_ReturnsLowercaseHex/when_long_salt_then_64_hex
=== RUN   TestHash/TestSHA256Salted_ReturnsLowercaseHex/when_special_chars_then_64_hex
--- PASS: TestHash (0.02s)
    --- PASS: TestHash/TestSHA256Hex (0.00s)
        --- PASS: TestHash/TestSHA256Hex/hello (0.00s)
        --- PASS: TestHash/TestSHA256Hex/empty (0.00s)
        --- PASS: TestHash/TestSHA256Hex/card (0.00s)
        --- PASS: TestHash/TestSHA256Hex/single_char (0.00s)
        --- PASS: TestHash/TestSHA256Hex/with_newline (0.00s)
    --- PASS: TestHash/TestSHA256Hex_Deterministic (0.00s)
        --- PASS: TestHash/TestSHA256Hex_Deterministic/when_same_data_then_same_hash (0.00s)
        --- PASS: TestHash/TestSHA256Hex_Deterministic/when_empty_then_same (0.00s)
        --- PASS: TestHash/TestSHA256Hex_Deterministic/when_called_5_times_then_all_equal (0.00s)
        --- PASS: TestHash/TestSHA256Hex_Deterministic/when_unicode_then_deterministic (0.00s)
        --- PASS: TestHash/TestSHA256Hex_Deterministic/when_binary_data_string_then_deterministic (0.00s)
    --- PASS: TestHash/TestSHA256Hex_LargeInput (0.02s)
        --- PASS: TestHash/TestSHA256Hex_LargeInput/when_data_is_1MB_then_still_64_char_hex (0.01s)
        --- PASS: TestHash/TestSHA256Hex_LargeInput/when_data_is_10KB_then_64_hex (0.00s)
        --- PASS: TestHash/TestSHA256Hex_LargeInput/when_data_is_100KB_then_64_hex (0.00s)
        --- PASS: TestHash/TestSHA256Hex_LargeInput/when_data_is_2MB_then_64_hex (0.01s)
        --- PASS: TestHash/TestSHA256Hex_LargeInput/when_data_is_4KB_then_64_hex (0.00s)
    --- PASS: TestHash/TestSHA256Hex_ReturnsLowercaseHex (0.00s)
        --- PASS: TestHash/TestSHA256Hex_ReturnsLowercaseHex/when_data_is_non-empty_then_64_char_lowercase_hex (0.00s)
        --- PASS: TestHash/TestSHA256Hex_ReturnsLowercaseHex/when_data_empty_then_64_hex (0.00s)
        --- PASS: TestHash/TestSHA256Hex_ReturnsLowercaseHex/when_data_long_then_64_hex (0.00s)
        --- PASS: TestHash/TestSHA256Hex_ReturnsLowercaseHex/when_data_has_spaces_then_64_hex (0.00s)
        --- PASS: TestHash/TestSHA256Hex_ReturnsLowercaseHex/when_data_is_single_space_then_64_hex (0.00s)
    --- PASS: TestHash/TestSHA256Salted (0.00s)
        --- PASS: TestHash/TestSHA256Salted/normal (0.00s)
        --- PASS: TestHash/TestSHA256Salted/empty_salt (0.00s)
        --- PASS: TestHash/TestSHA256Salted/empty_data (0.00s)
        --- PASS: TestHash/TestSHA256Salted/card_number (0.00s)
        --- PASS: TestHash/TestSHA256Salted/unicode (0.00s)
    --- PASS: TestHash/TestSHA256Salted_Deterministic (0.00s)
        --- PASS: TestHash/TestSHA256Salted_Deterministic/when_same_salt_and_data_then_same_hash (0.00s)
        --- PASS: TestHash/TestSHA256Salted_Deterministic/when_called_5_times_then_all_equal (0.00s)
        --- PASS: TestHash/TestSHA256Salted_Deterministic/when_salt_and_data_empty_then_deterministic (0.00s)
        --- PASS: TestHash/TestSHA256Salted_Deterministic/when_long_inputs_then_deterministic (0.00s)
        --- PASS: TestHash/TestSHA256Salted_Deterministic/when_unicode_then_deterministic (0.00s)
    --- PASS: TestHash/TestSHA256Salted_OrderMatters (0.00s)
        --- PASS: TestHash/TestSHA256Salted_OrderMatters/when_salt_and_data_order_differs_then_hashes_differ (0.00s)
        --- PASS: TestHash/TestSHA256Salted_OrderMatters/when_salt_and_data_swapped_multiple_pairs (0.00s)
        --- PASS: TestHash/TestSHA256Salted_OrderMatters/when_prefix_and_suffix_swapped (0.00s)
        --- PASS: TestHash/TestSHA256Salted_OrderMatters/when_a_and_b_swapped_then_different (0.00s)
        --- PASS: TestHash/TestSHA256Salted_OrderMatters/when_long_strings_swapped (0.00s)
    --- PASS: TestHash/TestSHA256Salted_ReturnsLowercaseHex (0.00s)
        --- PASS: TestHash/TestSHA256Salted_ReturnsLowercaseHex/when_input_has_unicode_then_output_is_64_lowercase_hex (0.00s)
        --- PASS: TestHash/TestSHA256Salted_ReturnsLowercaseHex/when_empty_inputs_then_64_hex (0.00s)
        --- PASS: TestHash/TestSHA256Salted_ReturnsLowercaseHex/when_numeric_then_only_0-9a-f (0.00s)
        --- PASS: TestHash/TestSHA256Salted_ReturnsLowercaseHex/when_long_salt_then_64_hex (0.00s)
        --- PASS: TestHash/TestSHA256Salted_ReturnsLowercaseHex/when_special_chars_then_64_hex (0.00s)
=== RUN   TestPGP
=== RUN   TestPGP/TestPGPDecrypt_InvalidInput
=== RUN   TestPGP/TestPGPDecrypt_InvalidInput/empty_ciphertext
=== RUN   TestPGP/TestPGPDecrypt_InvalidInput/empty_private_key
=== RUN   TestPGP/TestPGPEncryptDecrypt_RoundTrip
=== RUN   TestPGP/TestPGPEncryptDecrypt_RoundTrip/when_plaintext_is_secret_message
=== RUN   TestPGP/TestPGPEncryptDecrypt_RoundTrip/when_plaintext_is_empty
=== RUN   TestPGP/TestPGPEncryptDecrypt_RoundTrip/when_plaintext_is_long_and_unicode
=== RUN   TestPGP/TestPGPEncryptDecrypt_RoundTrip/when_different_key_then_decrypt_fails_or_wrong_plaintext
=== RUN   TestPGP/TestPGPEncrypt_InvalidKey
=== RUN   TestPGP/TestPGPEncrypt_InvalidKey/empty_key
=== RUN   TestPGP/TestPGPEncrypt_InvalidKey/not_valid_armor
=== RUN   TestPGP/TestPGPEncrypt_InvalidKey/when_key_is_empty_then_error_mentions_recipient
=== RUN   TestPGP/TestPGPSignVerify_RoundTrip
=== RUN   TestPGP/TestPGPSignVerify_RoundTrip/when_data_is_signed_then_verify_succeeds
=== RUN   TestPGP/TestPGPSignVerify_RoundTrip/when_data_tampered_then_verify_fails
=== RUN   TestPGP/TestPGPSign_InvalidKey
=== RUN   TestPGP/TestPGPSign_InvalidKey/when_private_key_is_empty_then_error
=== RUN   TestPGP/TestPGPVerify_InvalidInput
=== RUN   TestPGP/TestPGPVerify_InvalidInput/empty_signature
=== RUN   TestPGP/TestPGPVerify_InvalidInput/empty_public_key
--- PASS: TestPGP (1.65s)
    --- PASS: TestPGP/TestPGPDecrypt_InvalidInput (0.26s)
        --- PASS: TestPGP/TestPGPDecrypt_InvalidInput/empty_ciphertext (0.17s)
        --- PASS: TestPGP/TestPGPDecrypt_InvalidInput/empty_private_key (0.09s)
    --- PASS: TestPGP/TestPGPEncryptDecrypt_RoundTrip (0.47s)
        --- PASS: TestPGP/TestPGPEncryptDecrypt_RoundTrip/when_plaintext_is_secret_message (0.12s)
        --- PASS: TestPGP/TestPGPEncryptDecrypt_RoundTrip/when_plaintext_is_empty (0.08s)
        --- PASS: TestPGP/TestPGPEncryptDecrypt_RoundTrip/when_plaintext_is_long_and_unicode (0.11s)
        --- PASS: TestPGP/TestPGPEncryptDecrypt_RoundTrip/when_different_key_then_decrypt_fails_or_wrong_plaintext (0.15s)
    --- PASS: TestPGP/TestPGPEncrypt_InvalidKey (0.33s)
        --- PASS: TestPGP/TestPGPEncrypt_InvalidKey/empty_key (0.14s)
        --- PASS: TestPGP/TestPGPEncrypt_InvalidKey/not_valid_armor (0.09s)
        --- PASS: TestPGP/TestPGPEncrypt_InvalidKey/when_key_is_empty_then_error_mentions_recipient (0.10s)
    --- PASS: TestPGP/TestPGPSignVerify_RoundTrip (0.26s)
        --- PASS: TestPGP/TestPGPSignVerify_RoundTrip/when_data_is_signed_then_verify_succeeds (0.17s)
        --- PASS: TestPGP/TestPGPSignVerify_RoundTrip/when_data_tampered_then_verify_fails (0.10s)
    --- PASS: TestPGP/TestPGPSign_InvalidKey (0.12s)
        --- PASS: TestPGP/TestPGPSign_InvalidKey/when_private_key_is_empty_then_error (0.12s)
    --- PASS: TestPGP/TestPGPVerify_InvalidInput (0.20s)
        --- PASS: TestPGP/TestPGPVerify_InvalidInput/empty_signature (0.08s)
        --- PASS: TestPGP/TestPGPVerify_InvalidInput/empty_public_key (0.12s)
=== RUN   TestPKI
=== RUN   TestPKI/TestGenerateRSAKeyPair
=== RUN   TestPKI/TestGenerateRSAKeyPair/when_bits_is_2048_then_returns_valid_PEMs
=== RUN   TestPKI/TestGenerateRSAKeyPair/when_bits_is_512_then_fallback_to_2048
=== RUN   TestPKI/TestGenerateRSAKeyPair/when_bits_is_4096_then_success
=== RUN   TestPKI/TestGenerateRSAKeyPair/when_generated_twice_then_different_keys
=== RUN   TestPKI/TestGenerateRSAKeyPair/when_private_PEM_decoded_then_valid_PKCS1
=== RUN   TestPKI/TestGenerateRSAKeyPair_BitsFallback
=== RUN   TestPKI/TestGenerateRSAKeyPair_BitsFallback/zero
=== RUN   TestPKI/TestGenerateRSAKeyPair_BitsFallback/negative
=== RUN   TestPKI/TestGenerateRSAKeyPair_BitsFallback/one
=== RUN   TestPKI/TestGenerateRSAKeyPair_BitsFallback/256
=== RUN   TestPKI/TestGenerateRSAKeyPair_BitsFallback/1024
=== RUN   TestPKI/TestLoadCertificateFromPEM
=== RUN   TestPKI/TestLoadCertificateFromPEM/when_PEM_is_valid_certificate_then_returns_cert
=== RUN   TestPKI/TestLoadCertificateFromPEM/when_cert_loaded_then_has_serial_number
=== RUN   TestPKI/TestLoadCertificateFromPEM/when_multiple_certs_loaded_then_each_valid
=== RUN   TestPKI/TestLoadCertificateFromPEM/when_cert_has_key_usage_then_preserved
=== RUN   TestPKI/TestLoadCertificateFromPEM/when_cert_valid_then_ValidateCertificate_passes
=== RUN   TestPKI/TestLoadCertificateFromPEM_Invalid
=== RUN   TestPKI/TestLoadCertificateFromPEM_Invalid/not_pem
=== RUN   TestPKI/TestLoadCertificateFromPEM_Invalid/nil
=== RUN   TestPKI/TestLoadCertificateFromPEM_Invalid/empty
=== RUN   TestPKI/TestLoadCertificateFromPEM_Invalid/invalid_cert_content
=== RUN   TestPKI/TestLoadCertificateFromPEM_Invalid/wrong_PEM_type
=== RUN   TestPKI/TestValidateCertificate
=== RUN   TestPKI/TestValidateCertificate/when_cert_is_valid_then_no_error
=== RUN   TestPKI/TestValidateCertificate/when_cert_is_nil_then_error
=== RUN   TestPKI/TestValidateCertificate/when_cert_is_expired_then_error
=== RUN   TestPKI/TestValidateCertificate/when_cert_is_not_yet_valid_then_error
=== RUN   TestPKI/TestValidateCertificate/when_cert_valid_just_now_at_NotBefore_then_no_error
--- PASS: TestPKI (1.62s)
    --- PASS: TestPKI/TestGenerateRSAKeyPair (0.84s)
        --- PASS: TestPKI/TestGenerateRSAKeyPair/when_bits_is_2048_then_returns_valid_PEMs (0.04s)
        --- PASS: TestPKI/TestGenerateRSAKeyPair/when_bits_is_512_then_fallback_to_2048 (0.09s)
        --- PASS: TestPKI/TestGenerateRSAKeyPair/when_bits_is_4096_then_success (0.52s)
        --- PASS: TestPKI/TestGenerateRSAKeyPair/when_generated_twice_then_different_keys (0.11s)
        --- PASS: TestPKI/TestGenerateRSAKeyPair/when_private_PEM_decoded_then_valid_PKCS1 (0.08s)
    --- PASS: TestPKI/TestGenerateRSAKeyPair_BitsFallback (0.22s)
        --- PASS: TestPKI/TestGenerateRSAKeyPair_BitsFallback/zero (0.08s)
        --- PASS: TestPKI/TestGenerateRSAKeyPair_BitsFallback/negative (0.01s)
        --- PASS: TestPKI/TestGenerateRSAKeyPair_BitsFallback/one (0.08s)
        --- PASS: TestPKI/TestGenerateRSAKeyPair_BitsFallback/256 (0.02s)
        --- PASS: TestPKI/TestGenerateRSAKeyPair_BitsFallback/1024 (0.02s)
    --- PASS: TestPKI/TestLoadCertificateFromPEM (0.30s)
        --- PASS: TestPKI/TestLoadCertificateFromPEM/when_PEM_is_valid_certificate_then_returns_cert (0.06s)
        --- PASS: TestPKI/TestLoadCertificateFromPEM/when_cert_loaded_then_has_serial_number (0.05s)
        --- PASS: TestPKI/TestLoadCertificateFromPEM/when_multiple_certs_loaded_then_each_valid (0.13s)
        --- PASS: TestPKI/TestLoadCertificateFromPEM/when_cert_has_key_usage_then_preserved (0.02s)
        --- PASS: TestPKI/TestLoadCertificateFromPEM/when_cert_valid_then_ValidateCertificate_passes (0.04s)
    --- PASS: TestPKI/TestLoadCertificateFromPEM_Invalid (0.00s)
        --- PASS: TestPKI/TestLoadCertificateFromPEM_Invalid/not_pem (0.00s)
        --- PASS: TestPKI/TestLoadCertificateFromPEM_Invalid/nil (0.00s)
        --- PASS: TestPKI/TestLoadCertificateFromPEM_Invalid/empty (0.00s)
        --- PASS: TestPKI/TestLoadCertificateFromPEM_Invalid/invalid_cert_content (0.00s)
        --- PASS: TestPKI/TestLoadCertificateFromPEM_Invalid/wrong_PEM_type (0.00s)
    --- PASS: TestPKI/TestValidateCertificate (0.26s)
        --- PASS: TestPKI/TestValidateCertificate/when_cert_is_valid_then_no_error (0.08s)
        --- PASS: TestPKI/TestValidateCertificate/when_cert_is_nil_then_error (0.00s)
        --- PASS: TestPKI/TestValidateCertificate/when_cert_is_expired_then_error (0.04s)
        --- PASS: TestPKI/TestValidateCertificate/when_cert_is_not_yet_valid_then_error (0.07s)
        --- PASS: TestPKI/TestValidateCertificate/when_cert_valid_just_now_at_NotBefore_then_no_error (0.07s)
=== RUN   TestRSA
=== RUN   TestRSA/TestParseRSAPrivateKey_NoPEMBlock
=== RUN   TestRSA/TestParseRSAPrivateKey_NoPEMBlock/when_private_key_input_is_not_PEM
=== RUN   TestRSA/TestParseRSAPrivateKey_NoPEMBlock/when_private_key_is_empty
=== RUN   TestRSA/TestParseRSAPrivateKey_NoPEMBlock/when_private_key_is_nil
=== RUN   TestRSA/TestParseRSAPrivateKey_NoPEMBlock/when_private_key_PEM_type_is_CERTIFICATE
=== RUN   TestRSA/TestParseRSAPrivateKey_NoPEMBlock/when_private_key_has_no_newline_after_header
=== RUN   TestRSA/TestParseRSAPrivateKey_NotRSA
=== RUN   TestRSA/TestParseRSAPrivateKey_NotRSA/when_private_key_is_EC
=== RUN   TestRSA/TestParseRSAPrivateKey_NotRSA/when_private_key_is_EC_P384
=== RUN   TestRSA/TestParseRSAPrivateKey_NotRSA/when_PKCS8_block_contains_non-RSA_key
=== RUN   TestRSA/TestParseRSAPrivateKey_NotRSA/when_private_key_bytes_are_garbage
=== RUN   TestRSA/TestParseRSAPrivateKey_NotRSA/when_PEM_says_RSA_but_bytes_are_PKCS8_EC
=== RUN   TestRSA/TestParseRSAPrivateKey_PKCS8
=== RUN   TestRSA/TestParseRSAPrivateKey_PKCS8/when_private_key_is_PKCS8
=== RUN   TestRSA/TestParseRSAPrivateKey_PKCS8/when_PKCS8_key_decrypts_SHA1_ciphertext
=== RUN   TestRSA/TestParseRSAPrivateKey_PKCS8/when_PKCS8_key_used_for_empty_plaintext
=== RUN   TestRSA/TestParseRSAPrivateKey_PKCS8/when_PKCS8_block_type_is_PRIVATE_KEY
=== RUN   TestRSA/TestParseRSAPrivateKey_PKCS8/when_PKCS8_and_PKCS1_both_work_for_same_key
=== RUN   TestRSA/TestParseRSAPublicKey_NoPEMBlock
=== RUN   TestRSA/TestParseRSAPublicKey_NoPEMBlock/when_input_is_not_PEM
=== RUN   TestRSA/TestParseRSAPublicKey_NoPEMBlock/when_input_is_empty
=== RUN   TestRSA/TestParseRSAPublicKey_NoPEMBlock/when_input_is_nil
=== RUN   TestRSA/TestParseRSAPublicKey_NoPEMBlock/when_PEM_type_is_wrong
=== RUN   TestRSA/TestParseRSAPublicKey_NoPEMBlock/when_only_PEM_header_no_body
=== RUN   TestRSA/TestParseRSAPublicKey_NotRSA
=== RUN   TestRSA/TestParseRSAPublicKey_NotRSA/when_public_key_is_EC
=== RUN   TestRSA/TestParseRSAPublicKey_NotRSA/when_public_key_is_EC_P384
=== RUN   TestRSA/TestParseRSAPublicKey_NotRSA/when_content_is_certificate_not_key
=== RUN   TestRSA/TestParseRSAPublicKey_NotRSA/when_public_key_bytes_are_truncated_garbage
=== RUN   TestRSA/TestParseRSAPublicKey_NotRSA/when_input_has_multiple_PEM_blocks_first_invalid
=== RUN   TestRSA/TestRSADecryptOAEPSha1_WrongHash
=== RUN   TestRSA/TestRSADecryptOAEPSha1_WrongHash/when_encrypted_with_SHA-256_and_decrypted_with_SHA-1_then_fails
=== RUN   TestRSA/TestRSADecryptOAEPSha1_WrongHash/when_SHA256_ciphertext_non-empty
=== RUN   TestRSA/TestRSADecryptOAEPSha1_WrongHash/when_empty_plaintext_SHA256_then_SHA1_decrypt_fails
=== RUN   TestRSA/TestRSADecryptOAEPSha1_WrongHash/when_nil_plaintext_SHA256_then_SHA1_decrypt_fails
=== RUN   TestRSA/TestRSADecryptOAEPSha1_WrongHash/when_SHA256_then_SHA1_decrypt_fails_for_multiple_messages
=== RUN   TestRSA/TestRSADecryptOAEP_InvalidBase64
=== RUN   TestRSA/TestRSADecryptOAEP_InvalidBase64/when_ciphertext_is_invalid_base64
=== RUN   TestRSA/TestRSADecryptOAEP_InvalidBase64/when_ciphertext_is_empty
=== RUN   TestRSA/TestRSADecryptOAEP_InvalidBase64/when_ciphertext_has_spaces
=== RUN   TestRSA/TestRSADecryptOAEP_InvalidBase64/when_ciphertext_is_truncated
=== RUN   TestRSA/TestRSADecryptOAEP_InvalidBase64/when_ciphertext_is_nil
=== RUN   TestRSA/TestRSADecryptOAEP_InvalidPrivateKey
=== RUN   TestRSA/TestRSADecryptOAEP_InvalidPrivateKey/when_private_key_is_not_PEM
=== RUN   TestRSA/TestRSADecryptOAEP_InvalidPrivateKey/when_private_key_is_empty
=== RUN   TestRSA/TestRSADecryptOAEP_InvalidPrivateKey/when_private_key_is_nil
=== RUN   TestRSA/TestRSADecryptOAEP_InvalidPrivateKey/when_private_key_is_wrong_type_PEM
=== RUN   TestRSA/TestRSADecryptOAEP_InvalidPrivateKey/when_private_key_PEM_has_no_block
=== RUN   TestRSA/TestRSADecryptOAEP_WrongHash
=== RUN   TestRSA/TestRSADecryptOAEP_WrongHash/when_encrypted_with_SHA-1_and_decrypted_with_SHA-256_then_fails
=== RUN   TestRSA/TestRSADecryptOAEP_WrongHash/when_SHA1_ciphertext_is_valid_base64
=== RUN   TestRSA/TestRSADecryptOAEP_WrongHash/when_empty_plaintext_SHA1_then_SHA256_decrypt_fails
=== RUN   TestRSA/TestRSADecryptOAEP_WrongHash/when_long_plaintext_SHA1_then_SHA256_decrypt_fails
=== RUN   TestRSA/TestRSADecryptOAEP_WrongHash/when_same_key_pair_SHA1_encrypt_SHA256_decrypt_always_fails
=== RUN   TestRSA/TestRSADecryptOAEP_WrongKey
=== RUN   TestRSA/TestRSADecryptOAEP_WrongKey/when_decrypt_key_does_not_match_encrypt_key
=== RUN   TestRSA/TestRSADecryptOAEP_WrongKey/when_three_key_pairs_and_decrypt_with_third
=== RUN   TestRSA/TestRSADecryptOAEP_WrongKey/when_encrypt_with_suite_key_decrypt_with_new_key
=== RUN   TestRSA/TestRSADecryptOAEP_WrongKey/when_empty_plaintext_encrypted_with_one_key_decrypted_with_other
=== RUN   TestRSA/TestRSADecryptOAEP_WrongKey/when_ciphertext_from_SHA1_flow_decrypted_with_wrong_key
=== RUN   TestRSA/TestRSAEncryptDecryptOAEP_RoundTrip
=== RUN   TestRSA/TestRSAEncryptDecryptOAEP_RoundTrip/when_plaintext_is_message
=== RUN   TestRSA/TestRSAEncryptDecryptOAEP_RoundTrip/when_plaintext_is_empty
=== RUN   TestRSA/TestRSAEncryptDecryptOAEP_RoundTrip/when_plaintext_is_nil
=== RUN   TestRSA/TestRSAEncryptDecryptOAEP_RoundTrip/when_plaintext_is_long
=== RUN   TestRSA/TestRSAEncryptDecryptOAEP_RoundTrip/when_plaintext_has_null_bytes
=== RUN   TestRSA/TestRSAEncryptOAEPSha1_RSADecryptOAEPSha1_RoundTrip
=== RUN   TestRSA/TestRSAEncryptOAEPSha1_RSADecryptOAEPSha1_RoundTrip/when_plaintext_is_legacy_message
=== RUN   TestRSA/TestRSAEncryptOAEPSha1_RSADecryptOAEPSha1_RoundTrip/when_plaintext_is_empty
=== RUN   TestRSA/TestRSAEncryptOAEPSha1_RSADecryptOAEPSha1_RoundTrip/when_plaintext_has_binary
=== RUN   TestRSA/TestRSAEncryptOAEPSha1_RSADecryptOAEPSha1_RoundTrip/when_multiple_encrypt_decrypt_cycles
=== RUN   TestRSA/TestRSAEncryptOAEPSha1_RSADecryptOAEPSha1_RoundTrip/when_ciphertext_is_non-empty_and_valid_base64
=== RUN   TestRSA/TestRSAEncryptOAEP_EmptyPlaintext
=== RUN   TestRSA/TestRSAEncryptOAEP_EmptyPlaintext/when_plaintext_is_nil_then_ciphertext_is_non-empty
=== RUN   TestRSA/TestRSAEncryptOAEP_EmptyPlaintext/when_plaintext_is_empty_slice_then_ciphertext_is_non-empty
=== RUN   TestRSA/TestRSAEncryptOAEP_EmptyPlaintext/when_plaintext_is_nil_then_roundtrip_decrypt_yields_empty
=== RUN   TestRSA/TestRSAEncryptOAEP_EmptyPlaintext/when_plaintext_is_empty_then_base64_ciphertext_is_valid
=== RUN   TestRSA/TestRSAEncryptOAEP_EmptyPlaintext/when_plaintext_is_empty_then_each_encrypt_gives_different_ciphertext
=== RUN   TestRSA/TestRSAEncryptOAEP_InvalidPublicKey
=== RUN   TestRSA/TestRSAEncryptOAEP_InvalidPublicKey/not_pem
=== RUN   TestRSA/TestRSAEncryptOAEP_InvalidPublicKey/invalid_key_content
=== RUN   TestRSA/TestRSAEncryptOAEP_InvalidPublicKey/valid_PEM_structure_but_garbage_content
=== RUN   TestRSA/TestRSAEncryptOAEP_InvalidPublicKey/empty_slice
=== RUN   TestRSA/TestRSAEncryptOAEP_InvalidPublicKey/nil
--- PASS: TestRSA (4.71s)
    --- PASS: TestRSA/TestParseRSAPrivateKey_NoPEMBlock (0.38s)
        --- PASS: TestRSA/TestParseRSAPrivateKey_NoPEMBlock/when_private_key_input_is_not_PEM (0.03s)
        --- PASS: TestRSA/TestParseRSAPrivateKey_NoPEMBlock/when_private_key_is_empty (0.04s)
        --- PASS: TestRSA/TestParseRSAPrivateKey_NoPEMBlock/when_private_key_is_nil (0.09s)
        --- PASS: TestRSA/TestParseRSAPrivateKey_NoPEMBlock/when_private_key_PEM_type_is_CERTIFICATE (0.15s)
        --- PASS: TestRSA/TestParseRSAPrivateKey_NoPEMBlock/when_private_key_has_no_newline_after_header (0.06s)
    --- PASS: TestRSA/TestParseRSAPrivateKey_NotRSA (0.32s)
        --- PASS: TestRSA/TestParseRSAPrivateKey_NotRSA/when_private_key_is_EC (0.03s)
        --- PASS: TestRSA/TestParseRSAPrivateKey_NotRSA/when_private_key_is_EC_P384 (0.01s)
        --- PASS: TestRSA/TestParseRSAPrivateKey_NotRSA/when_PKCS8_block_contains_non-RSA_key (0.15s)
        --- PASS: TestRSA/TestParseRSAPrivateKey_NotRSA/when_private_key_bytes_are_garbage (0.07s)
        --- PASS: TestRSA/TestParseRSAPrivateKey_NotRSA/when_PEM_says_RSA_but_bytes_are_PKCS8_EC (0.06s)
    --- PASS: TestRSA/TestParseRSAPrivateKey_PKCS8 (0.75s)
        --- PASS: TestRSA/TestParseRSAPrivateKey_PKCS8/when_private_key_is_PKCS8 (0.21s)
        --- PASS: TestRSA/TestParseRSAPrivateKey_PKCS8/when_PKCS8_key_decrypts_SHA1_ciphertext (0.18s)
        --- PASS: TestRSA/TestParseRSAPrivateKey_PKCS8/when_PKCS8_key_used_for_empty_plaintext (0.08s)
        --- PASS: TestRSA/TestParseRSAPrivateKey_PKCS8/when_PKCS8_block_type_is_PRIVATE_KEY (0.08s)
        --- PASS: TestRSA/TestParseRSAPrivateKey_PKCS8/when_PKCS8_and_PKCS1_both_work_for_same_key (0.21s)
    --- PASS: TestRSA/TestParseRSAPublicKey_NoPEMBlock (0.21s)
        --- PASS: TestRSA/TestParseRSAPublicKey_NoPEMBlock/when_input_is_not_PEM (0.04s)
        --- PASS: TestRSA/TestParseRSAPublicKey_NoPEMBlock/when_input_is_empty (0.05s)
        --- PASS: TestRSA/TestParseRSAPublicKey_NoPEMBlock/when_input_is_nil (0.03s)
        --- PASS: TestRSA/TestParseRSAPublicKey_NoPEMBlock/when_PEM_type_is_wrong (0.06s)
        --- PASS: TestRSA/TestParseRSAPublicKey_NoPEMBlock/when_only_PEM_header_no_body (0.03s)
    --- PASS: TestRSA/TestParseRSAPublicKey_NotRSA (0.38s)
        --- PASS: TestRSA/TestParseRSAPublicKey_NotRSA/when_public_key_is_EC (0.08s)
        --- PASS: TestRSA/TestParseRSAPublicKey_NotRSA/when_public_key_is_EC_P384 (0.08s)
        --- PASS: TestRSA/TestParseRSAPublicKey_NotRSA/when_content_is_certificate_not_key (0.08s)
        --- PASS: TestRSA/TestParseRSAPublicKey_NotRSA/when_public_key_bytes_are_truncated_garbage (0.05s)
        --- PASS: TestRSA/TestParseRSAPublicKey_NotRSA/when_input_has_multiple_PEM_blocks_first_invalid (0.10s)
    --- PASS: TestRSA/TestRSADecryptOAEPSha1_WrongHash (0.32s)
        --- PASS: TestRSA/TestRSADecryptOAEPSha1_WrongHash/when_encrypted_with_SHA-256_and_decrypted_with_SHA-1_then_fails (0.04s)
        --- PASS: TestRSA/TestRSADecryptOAEPSha1_WrongHash/when_SHA256_ciphertext_non-empty (0.09s)
        --- PASS: TestRSA/TestRSADecryptOAEPSha1_WrongHash/when_empty_plaintext_SHA256_then_SHA1_decrypt_fails (0.10s)
        --- PASS: TestRSA/TestRSADecryptOAEPSha1_WrongHash/when_nil_plaintext_SHA256_then_SHA1_decrypt_fails (0.04s)
        --- PASS: TestRSA/TestRSADecryptOAEPSha1_WrongHash/when_SHA256_then_SHA1_decrypt_fails_for_multiple_messages (0.04s)
    --- PASS: TestRSA/TestRSADecryptOAEP_InvalidBase64 (0.29s)
        --- PASS: TestRSA/TestRSADecryptOAEP_InvalidBase64/when_ciphertext_is_invalid_base64 (0.10s)
        --- PASS: TestRSA/TestRSADecryptOAEP_InvalidBase64/when_ciphertext_is_empty (0.06s)
        --- PASS: TestRSA/TestRSADecryptOAEP_InvalidBase64/when_ciphertext_has_spaces (0.05s)
        --- PASS: TestRSA/TestRSADecryptOAEP_InvalidBase64/when_ciphertext_is_truncated (0.05s)
        --- PASS: TestRSA/TestRSADecryptOAEP_InvalidBase64/when_ciphertext_is_nil (0.04s)
    --- PASS: TestRSA/TestRSADecryptOAEP_InvalidPrivateKey (0.18s)
        --- PASS: TestRSA/TestRSADecryptOAEP_InvalidPrivateKey/when_private_key_is_not_PEM (0.03s)
        --- PASS: TestRSA/TestRSADecryptOAEP_InvalidPrivateKey/when_private_key_is_empty (0.03s)
        --- PASS: TestRSA/TestRSADecryptOAEP_InvalidPrivateKey/when_private_key_is_nil (0.01s)
        --- PASS: TestRSA/TestRSADecryptOAEP_InvalidPrivateKey/when_private_key_is_wrong_type_PEM (0.05s)
        --- PASS: TestRSA/TestRSADecryptOAEP_InvalidPrivateKey/when_private_key_PEM_has_no_block (0.06s)
    --- PASS: TestRSA/TestRSADecryptOAEP_WrongHash (0.23s)
        --- PASS: TestRSA/TestRSADecryptOAEP_WrongHash/when_encrypted_with_SHA-1_and_decrypted_with_SHA-256_then_fails (0.01s)
        --- PASS: TestRSA/TestRSADecryptOAEP_WrongHash/when_SHA1_ciphertext_is_valid_base64 (0.07s)
        --- PASS: TestRSA/TestRSADecryptOAEP_WrongHash/when_empty_plaintext_SHA1_then_SHA256_decrypt_fails (0.06s)
        --- PASS: TestRSA/TestRSADecryptOAEP_WrongHash/when_long_plaintext_SHA1_then_SHA256_decrypt_fails (0.06s)
        --- PASS: TestRSA/TestRSADecryptOAEP_WrongHash/when_same_key_pair_SHA1_encrypt_SHA256_decrypt_always_fails (0.03s)
    --- PASS: TestRSA/TestRSADecryptOAEP_WrongKey (0.58s)
        --- PASS: TestRSA/TestRSADecryptOAEP_WrongKey/when_decrypt_key_does_not_match_encrypt_key (0.18s)
        --- PASS: TestRSA/TestRSADecryptOAEP_WrongKey/when_three_key_pairs_and_decrypt_with_third (0.18s)
        --- PASS: TestRSA/TestRSADecryptOAEP_WrongKey/when_encrypt_with_suite_key_decrypt_with_new_key (0.07s)
        --- PASS: TestRSA/TestRSADecryptOAEP_WrongKey/when_empty_plaintext_encrypted_with_one_key_decrypted_with_other (0.09s)
        --- PASS: TestRSA/TestRSADecryptOAEP_WrongKey/when_ciphertext_from_SHA1_flow_decrypted_with_wrong_key (0.06s)
    --- PASS: TestRSA/TestRSAEncryptDecryptOAEP_RoundTrip (0.31s)
        --- PASS: TestRSA/TestRSAEncryptDecryptOAEP_RoundTrip/when_plaintext_is_message (0.04s)
        --- PASS: TestRSA/TestRSAEncryptDecryptOAEP_RoundTrip/when_plaintext_is_empty (0.11s)
        --- PASS: TestRSA/TestRSAEncryptDecryptOAEP_RoundTrip/when_plaintext_is_nil (0.05s)
        --- PASS: TestRSA/TestRSAEncryptDecryptOAEP_RoundTrip/when_plaintext_is_long (0.07s)
        --- PASS: TestRSA/TestRSAEncryptDecryptOAEP_RoundTrip/when_plaintext_has_null_bytes (0.05s)
    --- PASS: TestRSA/TestRSAEncryptOAEPSha1_RSADecryptOAEPSha1_RoundTrip (0.33s)
        --- PASS: TestRSA/TestRSAEncryptOAEPSha1_RSADecryptOAEPSha1_RoundTrip/when_plaintext_is_legacy_message (0.03s)
        --- PASS: TestRSA/TestRSAEncryptOAEPSha1_RSADecryptOAEPSha1_RoundTrip/when_plaintext_is_empty (0.05s)
        --- PASS: TestRSA/TestRSAEncryptOAEPSha1_RSADecryptOAEPSha1_RoundTrip/when_plaintext_has_binary (0.11s)
        --- PASS: TestRSA/TestRSAEncryptOAEPSha1_RSADecryptOAEPSha1_RoundTrip/when_multiple_encrypt_decrypt_cycles (0.03s)
        --- PASS: TestRSA/TestRSAEncryptOAEPSha1_RSADecryptOAEPSha1_RoundTrip/when_ciphertext_is_non-empty_and_valid_base64 (0.11s)
    --- PASS: TestRSA/TestRSAEncryptOAEP_EmptyPlaintext (0.19s)
        --- PASS: TestRSA/TestRSAEncryptOAEP_EmptyPlaintext/when_plaintext_is_nil_then_ciphertext_is_non-empty (0.05s)
        --- PASS: TestRSA/TestRSAEncryptOAEP_EmptyPlaintext/when_plaintext_is_empty_slice_then_ciphertext_is_non-empty (0.01s)
        --- PASS: TestRSA/TestRSAEncryptOAEP_EmptyPlaintext/when_plaintext_is_nil_then_roundtrip_decrypt_yields_empty (0.02s)
        --- PASS: TestRSA/TestRSAEncryptOAEP_EmptyPlaintext/when_plaintext_is_empty_then_base64_ciphertext_is_valid (0.02s)
        --- PASS: TestRSA/TestRSAEncryptOAEP_EmptyPlaintext/when_plaintext_is_empty_then_each_encrypt_gives_different_ciphertext (0.08s)
    --- PASS: TestRSA/TestRSAEncryptOAEP_InvalidPublicKey (0.24s)
        --- PASS: TestRSA/TestRSAEncryptOAEP_InvalidPublicKey/not_pem (0.05s)
        --- PASS: TestRSA/TestRSAEncryptOAEP_InvalidPublicKey/invalid_key_content (0.01s)
        --- PASS: TestRSA/TestRSAEncryptOAEP_InvalidPublicKey/valid_PEM_structure_but_garbage_content (0.06s)
        --- PASS: TestRSA/TestRSAEncryptOAEP_InvalidPublicKey/empty_slice (0.07s)
        --- PASS: TestRSA/TestRSAEncryptOAEP_InvalidPublicKey/nil (0.05s)
PASS
coverage: 34.9% of statements in github.com/PayWithSpireInc/transaction-processing/api/gateway, github.com/PayWithSpireInc/transaction-processing/internal/appbase, github.com/PayWithSpireInc/transaction-processing/internal/crypto, github.com/PayWithSpireInc/transaction-processing/internal/gateway/iso, github.com/PayWithSpireInc/transaction-processing/internal/gateway/server, github.com/PayWithSpireInc/transaction-processing/pkg/apiresponse, github.com/PayWithSpireInc/transaction-processing/pkg/crypto, github.com/PayWithSpireInc/transaction-processing/pkg/crypto/utils, github.com/PayWithSpireInc/transaction-processing/pkg/crypto/utils/testutil, github.com/PayWithSpireInc/transaction-processing/pkg/database, github.com/PayWithSpireInc/transaction-processing/pkg/database/postgres, github.com/PayWithSpireInc/transaction-processing/pkg/database/sqlserver, github.com/PayWithSpireInc/transaction-processing/pkg/secretvault, github.com/PayWithSpireInc/transaction-processing/pkg/secretvault/gcp, github.com/PayWithSpireInc/transaction-processing/pkg/secretvault/gcp/testutil, github.com/PayWithSpireInc/transaction-processing/pkg/validation
ok  	github.com/PayWithSpireInc/transaction-processing/pkg/crypto	8.029s	coverage: 34.9% of statements in github.com/PayWithSpireInc/transaction-processing/api/gateway, github.com/PayWithSpireInc/transaction-processing/internal/appbase, github.com/PayWithSpireInc/transaction-processing/internal/crypto, github.com/PayWithSpireInc/transaction-processing/internal/gateway/iso, github.com/PayWithSpireInc/transaction-processing/internal/gateway/server, github.com/PayWithSpireInc/transaction-processing/pkg/apiresponse, github.com/PayWithSpireInc/transaction-processing/pkg/crypto, github.com/PayWithSpireInc/transaction-processing/pkg/crypto/utils, github.com/PayWithSpireInc/transaction-processing/pkg/crypto/utils/testutil, github.com/PayWithSpireInc/transaction-processing/pkg/database, github.com/PayWithSpireInc/transaction-processing/pkg/database/postgres, github.com/PayWithSpireInc/transaction-processing/pkg/database/sqlserver, github.com/PayWithSpireInc/transaction-processing/pkg/secretvault, github.com/PayWithSpireInc/transaction-processing/pkg/secretvault/gcp, github.com/PayWithSpireInc/transaction-processing/pkg/secretvault/gcp/testutil, github.com/PayWithSpireInc/transaction-processing/pkg/validation
	github.com/PayWithSpireInc/transaction-processing/pkg/crypto/utils		coverage: 0.0% of statements
?   	github.com/PayWithSpireInc/transaction-processing/pkg/crypto/utils/testutil	[no test files]
=== RUN   TestTx
=== RUN   TestTx/TestRunInTx_Commit
=== RUN   TestTx/TestRunInTx_Commit/when_fn_succeeds_transaction_is_committed
=== RUN   TestTx/TestRunInTx_CommitError
=== RUN   TestTx/TestRunInTx_CommitError/when_commit_fails_the_error_is_returned_and_wrapped
=== RUN   TestTx/TestRunInTx_FnNotCalledOnBeginError
=== RUN   TestTx/TestRunInTx_FnNotCalledOnBeginError/when_context_is_already_cancelled_BeginTx_fails_and_fn_is_not_called
=== RUN   TestTx/TestRunInTx_PanicPropagated
=== RUN   TestTx/TestRunInTx_PanicPropagated/when_fn_panics_the_panic_is_re-raised_after_rollback
=== RUN   TestTx/TestRunInTx_Rollback
=== RUN   TestTx/TestRunInTx_Rollback/when_fn_returns_an_error_transaction_is_rolled_back
=== RUN   TestTx/TestRunInTx_RollbackError_OriginalErrPreserved
=== RUN   TestTx/TestRunInTx_RollbackError_OriginalErrPreserved/when_fn_errors_and_rollback_also_fails_original_error_is_still_identifiable
--- PASS: TestTx (0.00s)
    --- PASS: TestTx/TestRunInTx_Commit (0.00s)
        --- PASS: TestTx/TestRunInTx_Commit/when_fn_succeeds_transaction_is_committed (0.00s)
    --- PASS: TestTx/TestRunInTx_CommitError (0.00s)
        --- PASS: TestTx/TestRunInTx_CommitError/when_commit_fails_the_error_is_returned_and_wrapped (0.00s)
    --- PASS: TestTx/TestRunInTx_FnNotCalledOnBeginError (0.00s)
        --- PASS: TestTx/TestRunInTx_FnNotCalledOnBeginError/when_context_is_already_cancelled_BeginTx_fails_and_fn_is_not_called (0.00s)
    --- PASS: TestTx/TestRunInTx_PanicPropagated (0.00s)
        --- PASS: TestTx/TestRunInTx_PanicPropagated/when_fn_panics_the_panic_is_re-raised_after_rollback (0.00s)
    --- PASS: TestTx/TestRunInTx_Rollback (0.00s)
        --- PASS: TestTx/TestRunInTx_Rollback/when_fn_returns_an_error_transaction_is_rolled_back (0.00s)
    --- PASS: TestTx/TestRunInTx_RollbackError_OriginalErrPreserved (0.00s)
        --- PASS: TestTx/TestRunInTx_RollbackError_OriginalErrPreserved/when_fn_errors_and_rollback_also_fails_original_error_is_still_identifiable (0.00s)
PASS
coverage: 2.0% of statements in github.com/PayWithSpireInc/transaction-processing/api/gateway, github.com/PayWithSpireInc/transaction-processing/internal/appbase, github.com/PayWithSpireInc/transaction-processing/internal/crypto, github.com/PayWithSpireInc/transaction-processing/internal/gateway/iso, github.com/PayWithSpireInc/transaction-processing/internal/gateway/server, github.com/PayWithSpireInc/transaction-processing/pkg/apiresponse, github.com/PayWithSpireInc/transaction-processing/pkg/crypto, github.com/PayWithSpireInc/transaction-processing/pkg/crypto/utils, github.com/PayWithSpireInc/transaction-processing/pkg/crypto/utils/testutil, github.com/PayWithSpireInc/transaction-processing/pkg/database, github.com/PayWithSpireInc/transaction-processing/pkg/database/postgres, github.com/PayWithSpireInc/transaction-processing/pkg/database/sqlserver, github.com/PayWithSpireInc/transaction-processing/pkg/secretvault, github.com/PayWithSpireInc/transaction-processing/pkg/secretvault/gcp, github.com/PayWithSpireInc/transaction-processing/pkg/secretvault/gcp/testutil, github.com/PayWithSpireInc/transaction-processing/pkg/validation
ok  	github.com/PayWithSpireInc/transaction-processing/pkg/database	0.006s	coverage: 2.0% of statements in github.com/PayWithSpireInc/transaction-processing/api/gateway, github.com/PayWithSpireInc/transaction-processing/internal/appbase, github.com/PayWithSpireInc/transaction-processing/internal/crypto, github.com/PayWithSpireInc/transaction-processing/internal/gateway/iso, github.com/PayWithSpireInc/transaction-processing/internal/gateway/server, github.com/PayWithSpireInc/transaction-processing/pkg/apiresponse, github.com/PayWithSpireInc/transaction-processing/pkg/crypto, github.com/PayWithSpireInc/transaction-processing/pkg/crypto/utils, github.com/PayWithSpireInc/transaction-processing/pkg/crypto/utils/testutil, github.com/PayWithSpireInc/transaction-processing/pkg/database, github.com/PayWithSpireInc/transaction-processing/pkg/database/postgres, github.com/PayWithSpireInc/transaction-processing/pkg/database/sqlserver, github.com/PayWithSpireInc/transaction-processing/pkg/secretvault, github.com/PayWithSpireInc/transaction-processing/pkg/secretvault/gcp, github.com/PayWithSpireInc/transaction-processing/pkg/secretvault/gcp/testutil, github.com/PayWithSpireInc/transaction-processing/pkg/validation
=== RUN   TestPostgres
=== RUN   TestPostgres/TestClose_NilPool
=== RUN   TestPostgres/TestClose_NilPool/when_pool_is_nil_Close_does_not_panic
=== RUN   TestPostgres/TestConfig_PoolSettingsApplied
=== RUN   TestPostgres/TestConfig_PoolSettingsApplied/when_config_has_all_pool_settings
=== RUN   TestPostgres/TestConfig_PoolSettingsApplied/when_zero_values_leave_defaults_unchanged
=== RUN   TestPostgres/TestNewPool_InvalidDSN
=== RUN   TestPostgres/TestNewPool_InvalidDSN/when_DSN_is_empty
=== RUN   TestPostgres/TestNewPool_InvalidDSN/when_DSN_is_malformed
=== RUN   TestPostgres/TestNewPool_PingFails
=== RUN   TestPostgres/TestNewPool_PingFails/when_host_is_unreachable_pool_creation_returns_ping_error
--- PASS: TestPostgres (0.00s)
    --- PASS: TestPostgres/TestClose_NilPool (0.00s)
        --- PASS: TestPostgres/TestClose_NilPool/when_pool_is_nil_Close_does_not_panic (0.00s)
    --- PASS: TestPostgres/TestConfig_PoolSettingsApplied (0.00s)
        --- PASS: TestPostgres/TestConfig_PoolSettingsApplied/when_config_has_all_pool_settings (0.00s)
        --- PASS: TestPostgres/TestConfig_PoolSettingsApplied/when_zero_values_leave_defaults_unchanged (0.00s)
    --- PASS: TestPostgres/TestNewPool_InvalidDSN (0.00s)
        --- PASS: TestPostgres/TestNewPool_InvalidDSN/when_DSN_is_empty (0.00s)
        --- PASS: TestPostgres/TestNewPool_InvalidDSN/when_DSN_is_malformed (0.00s)
    --- PASS: TestPostgres/TestNewPool_PingFails (0.00s)
        --- PASS: TestPostgres/TestNewPool_PingFails/when_host_is_unreachable_pool_creation_returns_ping_error (0.00s)
PASS
coverage: 2.3% of statements in github.com/PayWithSpireInc/transaction-processing/api/gateway, github.com/PayWithSpireInc/transaction-processing/internal/appbase, github.com/PayWithSpireInc/transaction-processing/internal/crypto, github.com/PayWithSpireInc/transaction-processing/internal/gateway/iso, github.com/PayWithSpireInc/transaction-processing/internal/gateway/server, github.com/PayWithSpireInc/transaction-processing/pkg/apiresponse, github.com/PayWithSpireInc/transaction-processing/pkg/crypto, github.com/PayWithSpireInc/transaction-processing/pkg/crypto/utils, github.com/PayWithSpireInc/transaction-processing/pkg/crypto/utils/testutil, github.com/PayWithSpireInc/transaction-processing/pkg/database, github.com/PayWithSpireInc/transaction-processing/pkg/database/postgres, github.com/PayWithSpireInc/transaction-processing/pkg/database/sqlserver, github.com/PayWithSpireInc/transaction-processing/pkg/secretvault, github.com/PayWithSpireInc/transaction-processing/pkg/secretvault/gcp, github.com/PayWithSpireInc/transaction-processing/pkg/secretvault/gcp/testutil, github.com/PayWithSpireInc/transaction-processing/pkg/validation
ok  	github.com/PayWithSpireInc/transaction-processing/pkg/database/postgres	0.007s	coverage: 2.3% of statements in github.com/PayWithSpireInc/transaction-processing/api/gateway, github.com/PayWithSpireInc/transaction-processing/internal/appbase, github.com/PayWithSpireInc/transaction-processing/internal/crypto, github.com/PayWithSpireInc/transaction-processing/internal/gateway/iso, github.com/PayWithSpireInc/transaction-processing/internal/gateway/server, github.com/PayWithSpireInc/transaction-processing/pkg/apiresponse, github.com/PayWithSpireInc/transaction-processing/pkg/crypto, github.com/PayWithSpireInc/transaction-processing/pkg/crypto/utils, github.com/PayWithSpireInc/transaction-processing/pkg/crypto/utils/testutil, github.com/PayWithSpireInc/transaction-processing/pkg/database, github.com/PayWithSpireInc/transaction-processing/pkg/database/postgres, github.com/PayWithSpireInc/transaction-processing/pkg/database/sqlserver, github.com/PayWithSpireInc/transaction-processing/pkg/secretvault, github.com/PayWithSpireInc/transaction-processing/pkg/secretvault/gcp, github.com/PayWithSpireInc/transaction-processing/pkg/secretvault/gcp/testutil, github.com/PayWithSpireInc/transaction-processing/pkg/validation
=== RUN   TestSQLServer
=== RUN   TestSQLServer/TestClose_Nil
=== RUN   TestSQLServer/TestClose_Nil/when_db_is_nil_Close_returns_nil
=== RUN   TestSQLServer/TestNewDB_EmptyDSN
=== RUN   TestSQLServer/TestNewDB_EmptyDSN/when_DSN_is_empty_NewDB_returns_a_ping_error
=== RUN   TestSQLServer/TestNewDB_PingFails
=== RUN   TestSQLServer/TestNewDB_PingFails/when_host_is_unreachable_NewDB_returns_a_ping_error
=== RUN   TestSQLServer/TestNewDB_PoolSettings
=== RUN   TestSQLServer/TestNewDB_PoolSettings/when_pool_settings_are_applied
=== RUN   TestSQLServer/TestNewDB_Success
=== RUN   TestSQLServer/TestNewDB_Success/when_DSN_is_reachable_the_pool_is_returned
--- PASS: TestSQLServer (0.00s)
    --- PASS: TestSQLServer/TestClose_Nil (0.00s)
        --- PASS: TestSQLServer/TestClose_Nil/when_db_is_nil_Close_returns_nil (0.00s)
    --- PASS: TestSQLServer/TestNewDB_EmptyDSN (0.00s)
        --- PASS: TestSQLServer/TestNewDB_EmptyDSN/when_DSN_is_empty_NewDB_returns_a_ping_error (0.00s)
    --- PASS: TestSQLServer/TestNewDB_PingFails (0.00s)
        --- PASS: TestSQLServer/TestNewDB_PingFails/when_host_is_unreachable_NewDB_returns_a_ping_error (0.00s)
    --- PASS: TestSQLServer/TestNewDB_PoolSettings (0.00s)
        --- PASS: TestSQLServer/TestNewDB_PoolSettings/when_pool_settings_are_applied (0.00s)
    --- PASS: TestSQLServer/TestNewDB_Success (0.00s)
        --- PASS: TestSQLServer/TestNewDB_Success/when_DSN_is_reachable_the_pool_is_returned (0.00s)
PASS
coverage: 2.1% of statements in github.com/PayWithSpireInc/transaction-processing/api/gateway, github.com/PayWithSpireInc/transaction-processing/internal/appbase, github.com/PayWithSpireInc/transaction-processing/internal/crypto, github.com/PayWithSpireInc/transaction-processing/internal/gateway/iso, github.com/PayWithSpireInc/transaction-processing/internal/gateway/server, github.com/PayWithSpireInc/transaction-processing/pkg/apiresponse, github.com/PayWithSpireInc/transaction-processing/pkg/crypto, github.com/PayWithSpireInc/transaction-processing/pkg/crypto/utils, github.com/PayWithSpireInc/transaction-processing/pkg/crypto/utils/testutil, github.com/PayWithSpireInc/transaction-processing/pkg/database, github.com/PayWithSpireInc/transaction-processing/pkg/database/postgres, github.com/PayWithSpireInc/transaction-processing/pkg/database/sqlserver, github.com/PayWithSpireInc/transaction-processing/pkg/secretvault, github.com/PayWithSpireInc/transaction-processing/pkg/secretvault/gcp, github.com/PayWithSpireInc/transaction-processing/pkg/secretvault/gcp/testutil, github.com/PayWithSpireInc/transaction-processing/pkg/validation
ok  	github.com/PayWithSpireInc/transaction-processing/pkg/database/sqlserver	0.009s	coverage: 2.1% of statements in github.com/PayWithSpireInc/transaction-processing/api/gateway, github.com/PayWithSpireInc/transaction-processing/internal/appbase, github.com/PayWithSpireInc/transaction-processing/internal/crypto, github.com/PayWithSpireInc/transaction-processing/internal/gateway/iso, github.com/PayWithSpireInc/transaction-processing/internal/gateway/server, github.com/PayWithSpireInc/transaction-processing/pkg/apiresponse, github.com/PayWithSpireInc/transaction-processing/pkg/crypto, github.com/PayWithSpireInc/transaction-processing/pkg/crypto/utils, github.com/PayWithSpireInc/transaction-processing/pkg/crypto/utils/testutil, github.com/PayWithSpireInc/transaction-processing/pkg/database, github.com/PayWithSpireInc/transaction-processing/pkg/database/postgres, github.com/PayWithSpireInc/transaction-processing/pkg/database/sqlserver, github.com/PayWithSpireInc/transaction-processing/pkg/secretvault, github.com/PayWithSpireInc/transaction-processing/pkg/secretvault/gcp, github.com/PayWithSpireInc/transaction-processing/pkg/secretvault/gcp/testutil, github.com/PayWithSpireInc/transaction-processing/pkg/validation
=== RUN   TestInMemoryResolver
=== RUN   TestInMemoryResolver/TestGetSecretValue
=== RUN   TestInMemoryResolver/TestGetSecretValue/returns_value_when_key_exists
=== RUN   TestInMemoryResolver/TestGetSecretValue/returns_error_when_name_is_empty
=== RUN   TestInMemoryResolver/TestGetSecretValue/returns_error_when_key_missing
=== RUN   TestInMemoryResolver/TestGetSecretValue/returns_each_value_for_multiple_keys
=== RUN   TestInMemoryResolver/TestGetSecretValue/returns_empty_string_when_secret_value_is_empty
=== RUN   TestInMemoryResolver/TestGetSecretValue_Concurrent
=== RUN   TestInMemoryResolver/TestGetSecretValue_Concurrent/concurrent_reads_do_not_race
=== RUN   TestInMemoryResolver/TestGetSecretValue_Concurrent/concurrent_read_same_key_returns_same_value
=== RUN   TestInMemoryResolver/TestGetSecretValue_Concurrent/concurrent_read_missing_key_returns_error
=== RUN   TestInMemoryResolver/TestGetSecretValue_Concurrent/concurrent_read_empty_name_returns_error
=== RUN   TestInMemoryResolver/TestGetSecretValue_Concurrent/sequential_reads_remain_consistent
--- PASS: TestInMemoryResolver (0.00s)
    --- PASS: TestInMemoryResolver/TestGetSecretValue (0.00s)
        --- PASS: TestInMemoryResolver/TestGetSecretValue/returns_value_when_key_exists (0.00s)
        --- PASS: TestInMemoryResolver/TestGetSecretValue/returns_error_when_name_is_empty (0.00s)
        --- PASS: TestInMemoryResolver/TestGetSecretValue/returns_error_when_key_missing (0.00s)
        --- PASS: TestInMemoryResolver/TestGetSecretValue/returns_each_value_for_multiple_keys (0.00s)
        --- PASS: TestInMemoryResolver/TestGetSecretValue/returns_empty_string_when_secret_value_is_empty (0.00s)
    --- PASS: TestInMemoryResolver/TestGetSecretValue_Concurrent (0.00s)
        --- PASS: TestInMemoryResolver/TestGetSecretValue_Concurrent/concurrent_reads_do_not_race (0.00s)
        --- PASS: TestInMemoryResolver/TestGetSecretValue_Concurrent/concurrent_read_same_key_returns_same_value (0.00s)
        --- PASS: TestInMemoryResolver/TestGetSecretValue_Concurrent/concurrent_read_missing_key_returns_error (0.00s)
        --- PASS: TestInMemoryResolver/TestGetSecretValue_Concurrent/concurrent_read_empty_name_returns_error (0.00s)
        --- PASS: TestInMemoryResolver/TestGetSecretValue_Concurrent/sequential_reads_remain_consistent (0.00s)
PASS
coverage: 0.0% of statements in github.com/PayWithSpireInc/transaction-processing/api/gateway, github.com/PayWithSpireInc/transaction-processing/internal/appbase, github.com/PayWithSpireInc/transaction-processing/internal/crypto, github.com/PayWithSpireInc/transaction-processing/internal/gateway/iso, github.com/PayWithSpireInc/transaction-processing/internal/gateway/server, github.com/PayWithSpireInc/transaction-processing/pkg/apiresponse, github.com/PayWithSpireInc/transaction-processing/pkg/crypto, github.com/PayWithSpireInc/transaction-processing/pkg/crypto/utils, github.com/PayWithSpireInc/transaction-processing/pkg/crypto/utils/testutil, github.com/PayWithSpireInc/transaction-processing/pkg/database, github.com/PayWithSpireInc/transaction-processing/pkg/database/postgres, github.com/PayWithSpireInc/transaction-processing/pkg/database/sqlserver, github.com/PayWithSpireInc/transaction-processing/pkg/secretvault, github.com/PayWithSpireInc/transaction-processing/pkg/secretvault/gcp, github.com/PayWithSpireInc/transaction-processing/pkg/secretvault/gcp/testutil, github.com/PayWithSpireInc/transaction-processing/pkg/validation
ok  	github.com/PayWithSpireInc/transaction-processing/pkg/secretvault	0.008s	coverage: 0.0% of statements in github.com/PayWithSpireInc/transaction-processing/api/gateway, github.com/PayWithSpireInc/transaction-processing/internal/appbase, github.com/PayWithSpireInc/transaction-processing/internal/crypto, github.com/PayWithSpireInc/transaction-processing/internal/gateway/iso, github.com/PayWithSpireInc/transaction-processing/internal/gateway/server, github.com/PayWithSpireInc/transaction-processing/pkg/apiresponse, github.com/PayWithSpireInc/transaction-processing/pkg/crypto, github.com/PayWithSpireInc/transaction-processing/pkg/crypto/utils, github.com/PayWithSpireInc/transaction-processing/pkg/crypto/utils/testutil, github.com/PayWithSpireInc/transaction-processing/pkg/database, github.com/PayWithSpireInc/transaction-processing/pkg/database/postgres, github.com/PayWithSpireInc/transaction-processing/pkg/database/sqlserver, github.com/PayWithSpireInc/transaction-processing/pkg/secretvault, github.com/PayWithSpireInc/transaction-processing/pkg/secretvault/gcp, github.com/PayWithSpireInc/transaction-processing/pkg/secretvault/gcp/testutil, github.com/PayWithSpireInc/transaction-processing/pkg/validation
=== RUN   TestGcpSecretService
=== RUN   TestGcpSecretService/TestClose
=== RUN   TestGcpSecretService/TestClose/no_error_when_client_closes_successfully
=== RUN   TestGcpSecretService/TestClose/propagates_error_returned_by_client_Close
=== RUN   TestGcpSecretService/TestClose/no_error_when_client_is_nil
=== RUN   TestGcpSecretService/TestClose/no_error_on_zero-value_struct
=== RUN   TestGcpSecretService/TestGetSecretValue
=== RUN   TestGcpSecretService/TestGetSecretValue/returns_secret_value_on_success
=== RUN   TestGcpSecretService/TestGetSecretValue/returns_sentinel_error_when_name_is_empty
=== RUN   TestGcpSecretService/TestGetSecretValue/returns_error_when_client_is_not_initialised
=== RUN   TestGcpSecretService/TestGetSecretValue/wraps_error_returned_by_GCP_client
=== RUN   TestGcpSecretService/TestGetSecretValue/returns_error_when_payload_is_nil
=== RUN   TestGcpSecretService/TestImplementsProvider
=== RUN   TestGcpSecretService/TestImplementsProvider/GcpSecretService_is_assignable_to_secretvault.KeyResolver
=== RUN   TestGcpSecretService/TestImplementsProvider/nil_*GcpSecretService_still_carries_the_type_information
=== RUN   TestGcpSecretService/TestNewGcpSecretService
=== RUN   TestGcpSecretService/TestNewGcpSecretService/returns_sentinel_error_and_nil_when_projectID_is_empty
--- PASS: TestGcpSecretService (0.00s)
    --- PASS: TestGcpSecretService/TestClose (0.00s)
        --- PASS: TestGcpSecretService/TestClose/no_error_when_client_closes_successfully (0.00s)
        --- PASS: TestGcpSecretService/TestClose/propagates_error_returned_by_client_Close (0.00s)
        --- PASS: TestGcpSecretService/TestClose/no_error_when_client_is_nil (0.00s)
        --- PASS: TestGcpSecretService/TestClose/no_error_on_zero-value_struct (0.00s)
    --- PASS: TestGcpSecretService/TestGetSecretValue (0.00s)
        --- PASS: TestGcpSecretService/TestGetSecretValue/returns_secret_value_on_success (0.00s)
        --- PASS: TestGcpSecretService/TestGetSecretValue/returns_sentinel_error_when_name_is_empty (0.00s)
        --- PASS: TestGcpSecretService/TestGetSecretValue/returns_error_when_client_is_not_initialised (0.00s)
        --- PASS: TestGcpSecretService/TestGetSecretValue/wraps_error_returned_by_GCP_client (0.00s)
        --- PASS: TestGcpSecretService/TestGetSecretValue/returns_error_when_payload_is_nil (0.00s)
    --- PASS: TestGcpSecretService/TestImplementsProvider (0.00s)
        --- PASS: TestGcpSecretService/TestImplementsProvider/GcpSecretService_is_assignable_to_secretvault.KeyResolver (0.00s)
        --- PASS: TestGcpSecretService/TestImplementsProvider/nil_*GcpSecretService_still_carries_the_type_information (0.00s)
    --- PASS: TestGcpSecretService/TestNewGcpSecretService (0.00s)
        --- PASS: TestGcpSecretService/TestNewGcpSecretService/returns_sentinel_error_and_nil_when_projectID_is_empty (0.00s)
PASS
coverage: 3.1% of statements in github.com/PayWithSpireInc/transaction-processing/api/gateway, github.com/PayWithSpireInc/transaction-processing/internal/appbase, github.com/PayWithSpireInc/transaction-processing/internal/crypto, github.com/PayWithSpireInc/transaction-processing/internal/gateway/iso, github.com/PayWithSpireInc/transaction-processing/internal/gateway/server, github.com/PayWithSpireInc/transaction-processing/pkg/apiresponse, github.com/PayWithSpireInc/transaction-processing/pkg/crypto, github.com/PayWithSpireInc/transaction-processing/pkg/crypto/utils, github.com/PayWithSpireInc/transaction-processing/pkg/crypto/utils/testutil, github.com/PayWithSpireInc/transaction-processing/pkg/database, github.com/PayWithSpireInc/transaction-processing/pkg/database/postgres, github.com/PayWithSpireInc/transaction-processing/pkg/database/sqlserver, github.com/PayWithSpireInc/transaction-processing/pkg/secretvault, github.com/PayWithSpireInc/transaction-processing/pkg/secretvault/gcp, github.com/PayWithSpireInc/transaction-processing/pkg/secretvault/gcp/testutil, github.com/PayWithSpireInc/transaction-processing/pkg/validation
ok  	github.com/PayWithSpireInc/transaction-processing/pkg/secretvault/gcp	0.008s	coverage: 3.1% of statements in github.com/PayWithSpireInc/transaction-processing/api/gateway, github.com/PayWithSpireInc/transaction-processing/internal/appbase, github.com/PayWithSpireInc/transaction-processing/internal/crypto, github.com/PayWithSpireInc/transaction-processing/internal/gateway/iso, github.com/PayWithSpireInc/transaction-processing/internal/gateway/server, github.com/PayWithSpireInc/transaction-processing/pkg/apiresponse, github.com/PayWithSpireInc/transaction-processing/pkg/crypto, github.com/PayWithSpireInc/transaction-processing/pkg/crypto/utils, github.com/PayWithSpireInc/transaction-processing/pkg/crypto/utils/testutil, github.com/PayWithSpireInc/transaction-processing/pkg/database, github.com/PayWithSpireInc/transaction-processing/pkg/database/postgres, github.com/PayWithSpireInc/transaction-processing/pkg/database/sqlserver, github.com/PayWithSpireInc/transaction-processing/pkg/secretvault, github.com/PayWithSpireInc/transaction-processing/pkg/secretvault/gcp, github.com/PayWithSpireInc/transaction-processing/pkg/secretvault/gcp/testutil, github.com/PayWithSpireInc/transaction-processing/pkg/validation
	github.com/PayWithSpireInc/transaction-processing/pkg/secretvault/gcp/testutil		coverage: 0.0% of statements
=== RUN   TestValidation
=== RUN   TestValidation/TestLuhnCheck
=== RUN   TestValidation/TestLuhnCheck/valid_Visa_test_PAN
=== RUN   TestValidation/TestLuhnCheck/valid_Mastercard_test_PAN
=== RUN   TestValidation/TestLuhnCheck/valid_Amex_test_PAN
=== RUN   TestValidation/TestLuhnCheck/invalid_–_last_digit_wrong
=== RUN   TestValidation/TestLuhnCheck/all_zeros
=== RUN   TestValidation/TestLuhnCheck/single_zero
=== RUN   TestValidation/TestLuhnCheck/single_one
=== RUN   TestValidation/TestLuhnCheck/non-ASCII_digits_return_false
=== RUN   TestValidation/TestSanitizeSQL
=== RUN   TestValidation/TestSanitizeSQL/when_clean_string_passes_through_unchanged
=== RUN   TestValidation/TestSanitizeSQL/when_single_quote_is_escaped
=== RUN   TestValidation/TestSanitizeSQL/when_line_comment_is_removed
=== RUN   TestValidation/TestSanitizeSQL/when_block_comment_markers_are_removed
=== RUN   TestValidation/TestSanitizeSQL/when_statement_terminator_is_removed
=== RUN   TestValidation/TestSanitizeSQL/when_backslash_is_removed
=== RUN   TestValidation/TestSanitizeSQL/when_classic_injection_payload_is_neutralised
=== RUN   TestValidation/TestSanitizeSQL/when_maxLen_is_respected_after_SQL_sanitization
=== RUN   TestValidation/TestSanitizeSQL/when_quote_escaping_expands_string_maxLen_is_still_honoured
=== RUN   TestValidation/TestSanitizeSQL/when_whitespace_is_trimmed_before_SQL_sanitization
=== RUN   TestValidation/TestSanitizeString
=== RUN   TestValidation/TestSanitizeString/when_trims_leading_and_trailing_whitespace
=== RUN   TestValidation/TestSanitizeString/when_removes_control_characters
=== RUN   TestValidation/TestSanitizeString/when_truncates_to_maxLen
=== RUN   TestValidation/TestSanitizeString/when_maxLen_zero_means_no_truncation
=== RUN   TestValidation/TestSanitizeString/when_empty_string_returns_empty
=== RUN   TestValidation/TestSanitizeString/when_unicode_string_truncated_correctly
=== RUN   TestValidation/TestSanitizeString/when_string_shorter_than_maxLen_is_unchanged
=== RUN   TestValidation/TestSanitizeString/when_tab_is_treated_as_control_char
=== RUN   TestValidation/TestValidateAmount_Invalid
=== RUN   TestValidation/TestValidateAmount_Invalid/empty_string
=== RUN   TestValidation/TestValidateAmount_Invalid/zero_integer
=== RUN   TestValidation/TestValidateAmount_Invalid/zero_decimal
=== RUN   TestValidation/TestValidateAmount_Invalid/negative_sign
=== RUN   TestValidation/TestValidateAmount_Invalid/letters
=== RUN   TestValidation/TestValidateAmount_Invalid/multiple_dots
=== RUN   TestValidation/TestValidateAmount_Invalid/trailing_dot
=== RUN   TestValidation/TestValidateAmount_Invalid/leading_dot
=== RUN   TestValidation/TestValidateAmount_Invalid/too_many_decimals
=== RUN   TestValidation/TestValidateAmount_Invalid/integer_exceeds_12_digits
=== RUN   TestValidation/TestValidateAmount_Invalid/non-ASCII_digits_in_integer_part
=== RUN   TestValidation/TestValidateAmount_Invalid/non-ASCII_digits_in_decimal_part
=== RUN   TestValidation/TestValidateAmount_Valid
=== RUN   TestValidation/TestValidateAmount_Valid/integer_only
=== RUN   TestValidation/TestValidateAmount_Valid/two_decimals
=== RUN   TestValidation/TestValidateAmount_Valid/one_decimal
=== RUN   TestValidation/TestValidateAmount_Valid/large_amount
=== RUN   TestValidation/TestValidateAmount_Valid/minimum_positive
=== RUN   TestValidation/TestValidateAmount_Valid/max_int_digits_with_decimals
=== RUN   TestValidation/TestValidatePAN_Invalid
=== RUN   TestValidation/TestValidatePAN_Invalid/too_short
=== RUN   TestValidation/TestValidatePAN_Invalid/too_long
=== RUN   TestValidation/TestValidatePAN_Invalid/contains_letters
=== RUN   TestValidation/TestValidatePAN_Invalid/contains_spaces
=== RUN   TestValidation/TestValidatePAN_Invalid/fails_Luhn
=== RUN   TestValidation/TestValidatePAN_Invalid/empty_string
=== RUN   TestValidation/TestValidatePAN_Invalid/non-ASCII_digits_mixed_with_ASCII
=== RUN   TestValidation/TestValidatePAN_Valid
=== RUN   TestValidation/TestValidatePAN_Valid/when_valid_Visa_test_PAN
=== RUN   TestValidation/TestValidatePAN_Valid/when_valid_13-digit_PAN
=== RUN   TestValidation/TestValidatePAN_Valid/when_valid_19-digit_PAN
--- PASS: TestValidation (0.00s)
    --- PASS: TestValidation/TestLuhnCheck (0.00s)
        --- PASS: TestValidation/TestLuhnCheck/valid_Visa_test_PAN (0.00s)
        --- PASS: TestValidation/TestLuhnCheck/valid_Mastercard_test_PAN (0.00s)
        --- PASS: TestValidation/TestLuhnCheck/valid_Amex_test_PAN (0.00s)
        --- PASS: TestValidation/TestLuhnCheck/invalid_–_last_digit_wrong (0.00s)
        --- PASS: TestValidation/TestLuhnCheck/all_zeros (0.00s)
        --- PASS: TestValidation/TestLuhnCheck/single_zero (0.00s)
        --- PASS: TestValidation/TestLuhnCheck/single_one (0.00s)
        --- PASS: TestValidation/TestLuhnCheck/non-ASCII_digits_return_false (0.00s)
    --- PASS: TestValidation/TestSanitizeSQL (0.00s)
        --- PASS: TestValidation/TestSanitizeSQL/when_clean_string_passes_through_unchanged (0.00s)
        --- PASS: TestValidation/TestSanitizeSQL/when_single_quote_is_escaped (0.00s)
        --- PASS: TestValidation/TestSanitizeSQL/when_line_comment_is_removed (0.00s)
        --- PASS: TestValidation/TestSanitizeSQL/when_block_comment_markers_are_removed (0.00s)
        --- PASS: TestValidation/TestSanitizeSQL/when_statement_terminator_is_removed (0.00s)
        --- PASS: TestValidation/TestSanitizeSQL/when_backslash_is_removed (0.00s)
        --- PASS: TestValidation/TestSanitizeSQL/when_classic_injection_payload_is_neutralised (0.00s)
        --- PASS: TestValidation/TestSanitizeSQL/when_maxLen_is_respected_after_SQL_sanitization (0.00s)
        --- PASS: TestValidation/TestSanitizeSQL/when_quote_escaping_expands_string_maxLen_is_still_honoured (0.00s)
        --- PASS: TestValidation/TestSanitizeSQL/when_whitespace_is_trimmed_before_SQL_sanitization (0.00s)
    --- PASS: TestValidation/TestSanitizeString (0.00s)
        --- PASS: TestValidation/TestSanitizeString/when_trims_leading_and_trailing_whitespace (0.00s)
        --- PASS: TestValidation/TestSanitizeString/when_removes_control_characters (0.00s)
        --- PASS: TestValidation/TestSanitizeString/when_truncates_to_maxLen (0.00s)
        --- PASS: TestValidation/TestSanitizeString/when_maxLen_zero_means_no_truncation (0.00s)
        --- PASS: TestValidation/TestSanitizeString/when_empty_string_returns_empty (0.00s)
        --- PASS: TestValidation/TestSanitizeString/when_unicode_string_truncated_correctly (0.00s)
        --- PASS: TestValidation/TestSanitizeString/when_string_shorter_than_maxLen_is_unchanged (0.00s)
        --- PASS: TestValidation/TestSanitizeString/when_tab_is_treated_as_control_char (0.00s)
    --- PASS: TestValidation/TestValidateAmount_Invalid (0.00s)
        --- PASS: TestValidation/TestValidateAmount_Invalid/empty_string (0.00s)
        --- PASS: TestValidation/TestValidateAmount_Invalid/zero_integer (0.00s)
        --- PASS: TestValidation/TestValidateAmount_Invalid/zero_decimal (0.00s)
        --- PASS: TestValidation/TestValidateAmount_Invalid/negative_sign (0.00s)
        --- PASS: TestValidation/TestValidateAmount_Invalid/letters (0.00s)
        --- PASS: TestValidation/TestValidateAmount_Invalid/multiple_dots (0.00s)
        --- PASS: TestValidation/TestValidateAmount_Invalid/trailing_dot (0.00s)
        --- PASS: TestValidation/TestValidateAmount_Invalid/leading_dot (0.00s)
        --- PASS: TestValidation/TestValidateAmount_Invalid/too_many_decimals (0.00s)
        --- PASS: TestValidation/TestValidateAmount_Invalid/integer_exceeds_12_digits (0.00s)
        --- PASS: TestValidation/TestValidateAmount_Invalid/non-ASCII_digits_in_integer_part (0.00s)
        --- PASS: TestValidation/TestValidateAmount_Invalid/non-ASCII_digits_in_decimal_part (0.00s)
    --- PASS: TestValidation/TestValidateAmount_Valid (0.00s)
        --- PASS: TestValidation/TestValidateAmount_Valid/integer_only (0.00s)
        --- PASS: TestValidation/TestValidateAmount_Valid/two_decimals (0.00s)
        --- PASS: TestValidation/TestValidateAmount_Valid/one_decimal (0.00s)
        --- PASS: TestValidation/TestValidateAmount_Valid/large_amount (0.00s)
        --- PASS: TestValidation/TestValidateAmount_Valid/minimum_positive (0.00s)
        --- PASS: TestValidation/TestValidateAmount_Valid/max_int_digits_with_decimals (0.00s)
    --- PASS: TestValidation/TestValidatePAN_Invalid (0.00s)
        --- PASS: TestValidation/TestValidatePAN_Invalid/too_short (0.00s)
        --- PASS: TestValidation/TestValidatePAN_Invalid/too_long (0.00s)
        --- PASS: TestValidation/TestValidatePAN_Invalid/contains_letters (0.00s)
        --- PASS: TestValidation/TestValidatePAN_Invalid/contains_spaces (0.00s)
        --- PASS: TestValidation/TestValidatePAN_Invalid/fails_Luhn (0.00s)
        --- PASS: TestValidation/TestValidatePAN_Invalid/empty_string (0.00s)
        --- PASS: TestValidation/TestValidatePAN_Invalid/non-ASCII_digits_mixed_with_ASCII (0.00s)
    --- PASS: TestValidation/TestValidatePAN_Valid (0.00s)
        --- PASS: TestValidation/TestValidatePAN_Valid/when_valid_Visa_test_PAN (0.00s)
        --- PASS: TestValidation/TestValidatePAN_Valid/when_valid_13-digit_PAN (0.00s)
        --- PASS: TestValidation/TestValidatePAN_Valid/when_valid_19-digit_PAN (0.00s)
PASS
coverage: 8.6% of statements in github.com/PayWithSpireInc/transaction-processing/api/gateway, github.com/PayWithSpireInc/transaction-processing/internal/appbase, github.com/PayWithSpireInc/transaction-processing/internal/crypto, github.com/PayWithSpireInc/transaction-processing/internal/gateway/iso, github.com/PayWithSpireInc/transaction-processing/internal/gateway/server, github.com/PayWithSpireInc/transaction-processing/pkg/apiresponse, github.com/PayWithSpireInc/transaction-processing/pkg/crypto, github.com/PayWithSpireInc/transaction-processing/pkg/crypto/utils, github.com/PayWithSpireInc/transaction-processing/pkg/crypto/utils/testutil, github.com/PayWithSpireInc/transaction-processing/pkg/database, github.com/PayWithSpireInc/transaction-processing/pkg/database/postgres, github.com/PayWithSpireInc/transaction-processing/pkg/database/sqlserver, github.com/PayWithSpireInc/transaction-processing/pkg/secretvault, github.com/PayWithSpireInc/transaction-processing/pkg/secretvault/gcp, github.com/PayWithSpireInc/transaction-processing/pkg/secretvault/gcp/testutil, github.com/PayWithSpireInc/transaction-processing/pkg/validation
ok  	github.com/PayWithSpireInc/transaction-processing/pkg/validation	0.008s	coverage: 8.6% of statements in github.com/PayWithSpireInc/transaction-processing/api/gateway, github.com/PayWithSpireInc/transaction-processing/internal/appbase, github.com/PayWithSpireInc/transaction-processing/internal/crypto, github.com/PayWithSpireInc/transaction-processing/internal/gateway/iso, github.com/PayWithSpireInc/transaction-processing/internal/gateway/server, github.com/PayWithSpireInc/transaction-processing/pkg/apiresponse, github.com/PayWithSpireInc/transaction-processing/pkg/crypto, github.com/PayWithSpireInc/transaction-processing/pkg/crypto/utils, github.com/PayWithSpireInc/transaction-processing/pkg/crypto/utils/testutil, github.com/PayWithSpireInc/transaction-processing/pkg/database, github.com/PayWithSpireInc/transaction-processing/pkg/database/postgres, github.com/PayWithSpireInc/transaction-processing/pkg/database/sqlserver, github.com/PayWithSpireInc/transaction-processing/pkg/secretvault, github.com/PayWithSpireInc/transaction-processing/pkg/secretvault/gcp, github.com/PayWithSpireInc/transaction-processing/pkg/secretvault/gcp/testutil, github.com/PayWithSpireInc/transaction-processing/pkg/validation
FAIL
